Archive member included to satisfy reference by file (symbol)

/Applications/ArmGNUToolchain/15.2.rel1/arm-none-eabi/bin/../lib/gcc/arm-none-eabi/15.2.1/../../../../arm-none-eabi/lib/thumb/v8-m.main+fp/softfp/libm.a(libm_a-wf_sqrt.o)
                              CMakeFiles/USB-Synth.dir/Users/jesse/Software/Pico/pico-sdk/src/rp2_common/pico_float/float_math.c.o (sqrtf)
/Applications/ArmGNUToolchain/15.2.rel1/arm-none-eabi/bin/../lib/gcc/arm-none-eabi/15.2.1/../../../../arm-none-eabi/lib/thumb/v8-m.main+fp/softfp/libm.a(libm_a-ef_sqrt.o)
                              /Applications/ArmGNUToolchain/15.2.rel1/arm-none-eabi/bin/../lib/gcc/arm-none-eabi/15.2.1/../../../../arm-none-eabi/lib/thumb/v8-m.main+fp/softfp/libm.a(libm_a-wf_sqrt.o) (__ieee754_sqrtf)
/Applications/ArmGNUToolchain/15.2.rel1/arm-none-eabi/bin/../lib/gcc/arm-none-eabi/15.2.1/thumb/v8-m.main+fp/softfp/libgcc.a(_arm_addsubdf3.o)
                              CMakeFiles/USB-Synth.dir/Users/jesse/Software/Pico/pico-sdk/src/rp2_common/pico_float/float_math.c.o (__aeabi_f2d)
/Applications/ArmGNUToolchain/15.2.rel1/arm-none-eabi/bin/../lib/gcc/arm-none-eabi/15.2.1/thumb/v8-m.main+fp/softfp/libgcc.a(_aeabi_ldivmod.o)
                              CMakeFiles/USB-Synth.dir/Users/jesse/Software/Pico/pico-sdk/src/common/pico_time/time.c.o (__aeabi_ldivmod)
/Applications/ArmGNUToolchain/15.2.rel1/arm-none-eabi/bin/../lib/gcc/arm-none-eabi/15.2.1/thumb/v8-m.main+fp/softfp/libgcc.a(_aeabi_uldivmod.o)
                              CMakeFiles/USB-Synth.dir/Users/jesse/Software/Pico/pico-sdk/src/rp2_common/hardware_clocks/clocks.c.o (__aeabi_uldivmod)
/Applications/ArmGNUToolchain/15.2.rel1/arm-none-eabi/bin/../lib/gcc/arm-none-eabi/15.2.1/thumb/v8-m.main+fp/softfp/libgcc.a(_udivmoddi4.o)
                              /Applications/ArmGNUToolchain/15.2.rel1/arm-none-eabi/bin/../lib/gcc/arm-none-eabi/15.2.1/thumb/v8-m.main+fp/softfp/libgcc.a(_aeabi_ldivmod.o) (__udivmoddi4)
/Applications/ArmGNUToolchain/15.2.rel1/arm-none-eabi/bin/../lib/gcc/arm-none-eabi/15.2.1/thumb/v8-m.main+fp/softfp/libgcc.a(_dvmd_tls.o)
                              /Applications/ArmGNUToolchain/15.2.rel1/arm-none-eabi/bin/../lib/gcc/arm-none-eabi/15.2.1/thumb/v8-m.main+fp/softfp/libgcc.a(_aeabi_ldivmod.o) (__aeabi_ldiv0)
/Applications/ArmGNUToolchain/15.2.rel1/arm-none-eabi/bin/../lib/gcc/arm-none-eabi/15.2.1/../../../../arm-none-eabi/lib/thumb/v8-m.main+fp/softfp/libg.a(libc_a-ctype_.o)
                              CMakeFiles/USB-Synth.dir/Users/jesse/Software/Pico/tinyusb/src/tusb.c.o (_ctype_)
/Applications/ArmGNUToolchain/15.2.rel1/arm-none-eabi/bin/../lib/gcc/arm-none-eabi/15.2.1/../../../../arm-none-eabi/lib/thumb/v8-m.main+fp/softfp/libg.a(libc_a-calloc.o)
                              CMakeFiles/USB-Synth.dir/Users/jesse/Software/Pico/pico-sdk/src/rp2_common/pico_malloc/malloc.c.o (calloc)
/Applications/ArmGNUToolchain/15.2.rel1/arm-none-eabi/bin/../lib/gcc/arm-none-eabi/15.2.1/../../../../arm-none-eabi/lib/thumb/v8-m.main+fp/softfp/libg.a(libc_a-callocr.o)
                              /Applications/ArmGNUToolchain/15.2.rel1/arm-none-eabi/bin/../lib/gcc/arm-none-eabi/15.2.1/../../../../arm-none-eabi/lib/thumb/v8-m.main+fp/softfp/libg.a(libc_a-calloc.o) (_calloc_r)
/Applications/ArmGNUToolchain/15.2.rel1/arm-none-eabi/bin/../lib/gcc/arm-none-eabi/15.2.1/../../../../arm-none-eabi/lib/thumb/v8-m.main+fp/softfp/libg.a(libc_a-malloc.o)
                              CMakeFiles/USB-Synth.dir/Users/jesse/Software/Pico/pico-sdk/src/rp2_common/pico_malloc/malloc.c.o (malloc)
/Applications/ArmGNUToolchain/15.2.rel1/arm-none-eabi/bin/../lib/gcc/arm-none-eabi/15.2.1/../../../../arm-none-eabi/lib/thumb/v8-m.main+fp/softfp/libg.a(libc_a-mallocr.o)
                              /Applications/ArmGNUToolchain/15.2.rel1/arm-none-eabi/bin/../lib/gcc/arm-none-eabi/15.2.1/../../../../arm-none-eabi/lib/thumb/v8-m.main+fp/softfp/libg.a(libc_a-callocr.o) (_malloc_r)
/Applications/ArmGNUToolchain/15.2.rel1/arm-none-eabi/bin/../lib/gcc/arm-none-eabi/15.2.1/../../../../arm-none-eabi/lib/thumb/v8-m.main+fp/softfp/libg.a(libc_a-mlock.o)
                              /Applications/ArmGNUToolchain/15.2.rel1/arm-none-eabi/bin/../lib/gcc/arm-none-eabi/15.2.1/../../../../arm-none-eabi/lib/thumb/v8-m.main+fp/softfp/libg.a(libc_a-mallocr.o) (__malloc_lock)
/Applications/ArmGNUToolchain/15.2.rel1/arm-none-eabi/bin/../lib/gcc/arm-none-eabi/15.2.1/../../../../arm-none-eabi/lib/thumb/v8-m.main+fp/softfp/libg.a(libc_a-realloc.o)
                              CMakeFiles/USB-Synth.dir/Users/jesse/Software/Pico/pico-sdk/src/rp2_common/pico_malloc/malloc.c.o (realloc)
/Applications/ArmGNUToolchain/15.2.rel1/arm-none-eabi/bin/../lib/gcc/arm-none-eabi/15.2.1/../../../../arm-none-eabi/lib/thumb/v8-m.main+fp/softfp/libg.a(libc_a-reallocr.o)
[...]
Memory Configuration

Name             Origin             Length             Attributes
FLASH            0x10000000         0x00400000         xr
RAM              0x20000000         0x00080000         xrw
SCRATCH_X        0x20080000         0x00001000         xrw
SCRATCH_Y        0x20081000         0x00001000         xrw
*default*        0x00000000         0xffffffff

Linker script and memory map

LOAD /Applications/ArmGNUToolchain/15.2.rel1/arm-none-eabi/bin/../lib/gcc/arm-none-eabi/15.2.1/thumb/v8-m.main+fp/softfp/crti.o
LOAD /Applications/ArmGNUToolchain/15.2.rel1/arm-none-eabi/bin/../lib/gcc/arm-none-eabi/15.2.1/thumb/v8-m.main+fp/softfp/crtbegin.o
LOAD /Applications/ArmGNUToolchain/15.2.rel1/arm-none-eabi/bin/../lib/gcc/arm-none-eabi/15.2.1/../../../../arm-none-eabi/lib/thumb/v8-m.main+fp/softfp/crt0.o

.flash_begin    0x10000000        0x0
                0x10000000                        __flash_binary_start = .

.text           0x10000000     0x7644
                0x10000000                        __logical_binary_start = .
 *(.vectors)
 .vectors       0x10000000      0x124 CMakeFiles/USB-Synth.dir/Users/jesse/Software/Pico/pico-sdk/src/rp2_common/pico_crt0/crt0.S.o
                0x10000000                __VECTOR_TABLE
                0x10000000                __vectors
                0x10000110                __unhandled_user_irq
                0x10000110                isr_irq49
                0x10000110                isr_irq13
                0x10000110                isr_irq43
                0x10000110                isr_irq45
                0x10000110                isr_irq27
                0x10000110                isr_irq32
                0x10000110                isr_irq31
                0x10000110                isr_irq5
                0x10000110                isr_irq11
                0x10000110                isr_irq23
                0x10000110                isr_usagefault
                0x10000110                isr_irq48
                0x10000110                isr_irq35
                0x10000110                isr_irq18
                0x10000110                isr_irq50
                0x10000110                isr_irq9
                0x10000110                isr_irq30
                0x10000110                isr_irq16
                0x10000110                isr_irq44
                0x10000110                isr_irq29
                0x10000110                isr_irq26
                0x10000110                isr_irq33
                0x10000110                isr_irq3
                0x10000110                isr_irq12
                0x10000110                isr_securefault
                0x10000110                isr_irq40
                0x10000110                isr_irq28
                0x10000110                isr_irq19
                0x10000110                isr_irq36
                0x10000110                isr_irq41
                0x10000110                isr_irq0
                0x10000110                isr_irq6
                0x10000110                isr_memmanage
                0x10000110                isr_irq37
                0x10000110                isr_irq42
                0x10000110                isr_irq22
                0x10000110                isr_irq17
                0x10000110                isr_irq38
                0x10000110                isr_irq14
                0x10000110                __vectors_end
                0x10000110                __default_isrs_start
                0x10000110                isr_irq2
                0x10000110                isr_irq10
                0x10000110                isr_irq8
                0x10000110                isr_debugmonitor
                0x10000110                isr_irq24
                0x10000110                isr_irq46
                0x10000110                isr_irq1
                0x10000110                isr_irq47
                0x10000110                isr_irq51
                0x10000110                isr_irq7
                0x10000110                isr_irq21
                0x10000110                isr_irq39
                0x10000110                isr_irq20
                0x10000110                isr_irq15
                0x10000110                isr_irq25
                0x10000110                isr_irq34
                0x10000110                isr_irq4
                0x10000110                isr_busfault
                0x10000116                unhandled_user_irq_num_in_r0
                0x10000118                isr_invalid
                0x1000011a                isr_nmi
                0x1000011c                isr_hardfault
                0x1000011e                isr_svcall
                0x10000120                isr_pendsv
                0x10000122                isr_systick
                0x10000124                __default_isrs_end
 *(.binary_info_header)
 .binary_info_header
                0x10000124       0x14 CMakeFiles/USB-Synth.dir/Users/jesse/Software/Pico/pico-sdk/src/rp2_common/pico_crt0/crt0.S.o
                0x10000138                        __binary_info_header_end = .
 *(.embedded_block)
 .embedded_block
                0x10000138       0x14 CMakeFiles/USB-Synth.dir/Users/jesse/Software/Pico/pico-sdk/src/rp2_common/pico_crt0/crt0.S.o
                0x1000014c                        __embedded_block_end = .
 *(.reset)
 .reset         0x1000014c       0x98 CMakeFiles/USB-Synth.dir/Users/jesse/Software/Pico/pico-sdk/src/rp2_common/pico_crt0/crt0.S.o
                0x1000014c                _entry_point
 *(.init)
 .init          0x100001e4        0x4 /Applications/ArmGNUToolchain/15.2.rel1/arm-none-eabi/bin/../lib/gcc/arm-none-eabi/15.2.1/thumb/v8-m.main+fp/softfp/crti.o
                0x100001e4                _init
 SORT_BY_NAME(REVERSE(*libgcc.a:cmse_nonsecure_call.o))()
 *(EXCLUDE_FILE(*libm.a: *libc.a:*lib_a-mem*.o *libgcc.a:) .text*)
 .text.register_tm_clones
                0x100001e8       0x28 /Applications/ArmGNUToolchain/15.2.rel1/arm-none-eabi/bin/../lib/gcc/arm-none-eabi/15.2.1/thumb/v8-m.main+fp/softfp/crtbegin.o
 .text.frame_dummy
                0x10000210       0x24 /Applications/ArmGNUToolchain/15.2.rel1/arm-none-eabi/bin/../lib/gcc/arm-none-eabi/15.2.1/thumb/v8-m.main+fp/softfp/crtbegin.o
 .text._Z41__static_initialization_and_destruction_0v
                0x10000234       0x10 CMakeFiles/USB-Synth.dir/src/main.cpp.o
 .text.main     0x10000244       0x88 CMakeFiles/USB-Synth.dir/src/main.cpp.o
                0x10000244                main
 .text._GLOBAL__sub_I_g_I2Srx
                0x100002cc        0x8 CMakeFiles/USB-Synth.dir/src/main.cpp.o
 .text.sm_config_set_in_pin_base
                0x100002d4       0x20 CMakeFiles/USB-Synth.dir/src/drivers/dI2Srx.cpp.o
 .text.channel_config_set_dreq
                0x100002f4       0x30 CMakeFiles/USB-Synth.dir/src/drivers/dI2Srx.cpp.o
 .text.channel_config_set_chain_to
                0x10000324       0x30 CMakeFiles/USB-Synth.dir/src/drivers/dI2Srx.cpp.o
 .text.dma_channel_get_default_config
                0x10000354       0x78 CMakeFiles/USB-Synth.dir/src/drivers/dI2Srx.cpp.o
 .text._ZL25i2s_receiver_program_initP8pio_hw_thhhhh
                0x100003cc       0xec CMakeFiles/USB-Synth.dir/src/drivers/dI2Srx.cpp.o
 .text._ZN6dI2Srx11core1_entryEv
                0x100004b8       0x70 CMakeFiles/USB-Synth.dir/src/drivers/dI2Srx.cpp.o
                0x100004b8                dI2Srx::core1_entry()
 .text._ZN6dI2SrxC2Ev
                0x10000528        0x8 CMakeFiles/USB-Synth.dir/src/drivers/dI2Srx.cpp.o
                0x10000528                dI2Srx::dI2Srx()
                0x10000528                dI2Srx::dI2Srx()
 .text._ZN6dI2Srx4InitEP8pio_hw_t
                0x10000530      0x13c CMakeFiles/USB-Synth.dir/src/drivers/dI2Srx.cpp.o
                0x10000530                dI2Srx::Init(pio_hw_t*)
 .text._ZN6dI2Srx12Get_A_BufferEv
                0x1000066c        0x4 CMakeFiles/USB-Synth.dir/src/drivers/dI2Srx.cpp.o
                0x1000066c                dI2Srx::Get_A_Buffer()
 .text._ZN6dI2Srx12Get_B_BufferEv
                0x10000670        0x6 CMakeFiles/USB-Synth.dir/src/drivers/dI2Srx.cpp.o
                0x10000670                dI2Srx::Get_B_Buffer()
 *fill*         0x10000676        0x2 
 .text._Z16dma_irq0_handlerv
                0x10000678       0x74 CMakeFiles/USB-Synth.dir/src/interrupts.cpp.o
                0x10000678                dma_irq0_handler()
 .text.tud_audio_set_itf_cb
                0x100006ec       0x18 CMakeFiles/USB-Synth.dir/src/USB-audio_functions.cpp.o
                0x100006ec                tud_audio_set_itf_cb
 .text.tud_audio_set_req_ep_cb
                0x10000704        0x4 CMakeFiles/USB-Synth.dir/src/USB-audio_functions.cpp.o
                0x10000704                tud_audio_set_req_ep_cb
 .text.tud_audio_get_req_ep_cb
                0x10000708       0x44 CMakeFiles/USB-Synth.dir/src/USB-audio_functions.cpp.o
                0x10000708                tud_audio_get_req_ep_cb
 .text.tud_audio_get_req_entity_cb
                0x1000074c       0x50 CMakeFiles/USB-Synth.dir/src/USB-audio_functions.cpp.o
                0x1000074c                tud_audio_get_req_entity_cb
 .text.tud_audio_set_req_entity_cb
                0x1000079c       0x40 CMakeFiles/USB-Synth.dir/src/USB-audio_functions.cpp.o
                0x1000079c                tud_audio_set_req_entity_cb
 .text._Z22apply_phase_correctionPsi
                0x100007dc      0x110 CMakeFiles/USB-Synth.dir/src/USB-audio_functions.cpp.o
                0x100007dc                apply_phase_correction(short*, int)
 .text._Z10audio_taskv
                0x100008ec       0xf0 CMakeFiles/USB-Synth.dir/src/USB-audio_functions.cpp.o
                0x100008ec                audio_task()
 .text.tud_descriptor_device_cb
                0x100009dc        0x8 CMakeFiles/USB-Synth.dir/src/usb_descriptors.c.o
                0x100009dc                tud_descriptor_device_cb
 .text.tud_descriptor_configuration_cb
                0x100009e4        0x8 CMakeFiles/USB-Synth.dir/src/usb_descriptors.c.o
                0x100009e4                tud_descriptor_configuration_cb
 .text.tud_descriptor_string_cb
                0x100009ec       0x58 CMakeFiles/USB-Synth.dir/src/usb_descriptors.c.o
                0x100009ec                tud_descriptor_string_cb
 .text.clock_gpio_init
                0x10000a44       0x40 CMakeFiles/USB-Synth.dir/Users/jesse/Software/Pico/pico-ice-sdk/src/ice_fpga.c.o
 .text.ice_fpga_init
                0x10000a84       0x3a CMakeFiles/USB-Synth.dir/Users/jesse/Software/Pico/pico-ice-sdk/src/ice_fpga.c.o
                0x10000a84                ice_fpga_init
 .text.ice_fpga_stop
                0x10000abe       0x20 CMakeFiles/USB-Synth.dir/Users/jesse/Software/Pico/pico-ice-sdk/src/ice_fpga.c.o
                0x10000abe                ice_fpga_stop
 .text.ice_led_init
                0x10000ade       0x3a CMakeFiles/USB-Synth.dir/Users/jesse/Software/Pico/pico-ice-sdk/src/ice_led.c.o
                0x10000ade                ice_led_init
 .text.ice_cram_open
                0x10000b18       0xc0 CMakeFiles/USB-Synth.dir/Users/jesse/Software/Pico/pico-ice-sdk/src/ice_cram.c.o
                0x10000b18                ice_cram_open
 .text.ice_cram_write
                0x10000bd8        0x8 CMakeFiles/USB-Synth.dir/Users/jesse/Software/Pico/pico-ice-sdk/src/ice_cram.c.o
                0x10000bd8                ice_cram_write
 .text.ice_cram_close
                0x10000be0       0x78 CMakeFiles/USB-Synth.dir/Users/jesse/Software/Pico/pico-ice-sdk/src/ice_cram.c.o
                0x10000be0                ice_cram_close
 .text.gpio_get
                0x10000c58       0x2e CMakeFiles/USB-Synth.dir/Users/jesse/Software/Pico/pico-ice-sdk/src/pico-sdk_ice_hal.c.o
 .text.sm_config_set_out_pins
                0x10000c86       0x2c CMakeFiles/USB-Synth.dir/Users/jesse/Software/Pico/pico-ice-sdk/src/pico-sdk_ice_hal.c.o
 .text.sm_config_set_sideset_pin_base
                0x10000cb2       0x20 CMakeFiles/USB-Synth.dir/Users/jesse/Software/Pico/pico-ice-sdk/src/pico-sdk_ice_hal.c.o
 .text.pio_get_default_sm_config
                0x10000cd2       0x2c CMakeFiles/USB-Synth.dir/Users/jesse/Software/Pico/pico-ice-sdk/src/pico-sdk_ice_hal.c.o
 .text.ice_cram_program_get_default_config
                0x10000cfe       0x36 CMakeFiles/USB-Synth.dir/Users/jesse/Software/Pico/pico-ice-sdk/src/pico-sdk_ice_hal.c.o
 .text.select_device
                0x10000d34       0x40 CMakeFiles/USB-Synth.dir/Users/jesse/Software/Pico/pico-ice-sdk/src/pico-sdk_ice_hal.c.o
 .text.check_miso
                0x10000d74       0x3c CMakeFiles/USB-Synth.dir/Users/jesse/Software/Pico/pico-ice-sdk/src/pico-sdk_ice_hal.c.o
 .text.check_clk
                0x10000db0       0x3c CMakeFiles/USB-Synth.dir/Users/jesse/Software/Pico/pico-ice-sdk/src/pico-sdk_ice_hal.c.o
 .text.pio_try_add_program
                0x10000dec       0x4c CMakeFiles/USB-Synth.dir/Users/jesse/Software/Pico/pico-ice-sdk/src/pico-sdk_ice_hal.c.o
 .text.pio_state_machine_init
                0x10000e38       0xf4 CMakeFiles/USB-Synth.dir/Users/jesse/Software/Pico/pico-ice-sdk/src/pico-sdk_ice_hal.c.o
 .text.pio_state_machine_deinit
                0x10000f2c       0x68 CMakeFiles/USB-Synth.dir/Users/jesse/Software/Pico/pico-ice-sdk/src/pico-sdk_ice_hal.c.o
 .text.ice_hal_spi_deinit
                0x10000f94       0x3c CMakeFiles/USB-Synth.dir/Users/jesse/Software/Pico/pico-ice-sdk/src/pico-sdk_ice_hal.c.o
                0x10000f94                ice_hal_spi_deinit
 .text.ice_hal_gpio_init
                0x10000fd0       0x22 CMakeFiles/USB-Synth.dir/Users/jesse/Software/Pico/pico-ice-sdk/src/pico-sdk_ice_hal.c.o
                0x10000fd0                ice_hal_gpio_init
 .text.ice_hal_gpio_set_high_z
                0x10000ff2       0x18 CMakeFiles/USB-Synth.dir/Users/jesse/Software/Pico/pico-ice-sdk/src/pico-sdk_ice_hal.c.o
                0x10000ff2                ice_hal_gpio_set_high_z
 *fill*         0x1000100a        0x2 
 .text.ice_hal_spi_init
                0x1000100c      0x13c CMakeFiles/USB-Synth.dir/Users/jesse/Software/Pico/pico-ice-sdk/src/pico-sdk_ice_hal.c.o
                0x1000100c                ice_hal_spi_init
 .text.ice_hal_spi_write
                0x10001148       0xd0 CMakeFiles/USB-Synth.dir/Users/jesse/Software/Pico/pico-ice-sdk/src/pico-sdk_ice_hal.c.o
                0x10001148                ice_hal_spi_write
 .text.ice_hal_gpio_set_pu
                0x10001218        0xe CMakeFiles/USB-Synth.dir/Users/jesse/Software/Pico/pico-ice-sdk/src/pico-sdk_ice_hal.c.o
                0x10001218                ice_hal_gpio_set_pu
 .text.ice_hal_gpio_set_1
                0x10001226       0x10 CMakeFiles/USB-Synth.dir/Users/jesse/Software/Pico/pico-ice-sdk/src/pico-sdk_ice_hal.c.o
                0x10001226                ice_hal_gpio_set_1
 .text.ice_hal_gpio_set_0
                0x10001236       0x14 CMakeFiles/USB-Synth.dir/Users/jesse/Software/Pico/pico-ice-sdk/src/pico-sdk_ice_hal.c.o
                0x10001236                ice_hal_gpio_set_0
 .text.ice_hal_gpio_get
                0x1000124a        0x8 CMakeFiles/USB-Synth.dir/Users/jesse/Software/Pico/pico-ice-sdk/src/pico-sdk_ice_hal.c.o
                0x1000124a                ice_hal_gpio_get
 *fill*         0x10001252        0x2 
 .text.panic    0x10001254       0x30 CMakeFiles/USB-Synth.dir/Users/jesse/Software/Pico/pico-sdk/src/rp2_common/pico_platform_panic/panic.c.o
                0x10001254                panic
 .text.hw_claim_lock
                0x10001284       0x24 CMakeFiles/USB-Synth.dir/Users/jesse/Software/Pico/pico-sdk/src/common/hardware_claim/claim.c.o
                0x10001284                hw_claim_lock
 .text.hw_claim_unlock
                0x100012a8       0x14 CMakeFiles/USB-Synth.dir/Users/jesse/Software/Pico/pico-sdk/src/common/hardware_claim/claim.c.o
                0x100012a8                hw_claim_unlock
 .text.hw_claim_or_assert
                0x100012bc       0x32 CMakeFiles/USB-Synth.dir/Users/jesse/Software/Pico/pico-sdk/src/common/hardware_claim/claim.c.o
                0x100012bc                hw_claim_or_assert
 .text.hw_claim_unused_from_range
                0x100012ee       0x4e CMakeFiles/USB-Synth.dir/Users/jesse/Software/Pico/pico-sdk/src/common/hardware_claim/claim.c.o
                0x100012ee                hw_claim_unused_from_range
 .text.hw_claim_clear
                0x1000133c       0x40 CMakeFiles/USB-Synth.dir/Users/jesse/Software/Pico/pico-sdk/src/common/hardware_claim/claim.c.o
                0x1000133c                hw_claim_clear
 .text.next_striped_spin_lock_num
                0x1000137c       0x1c CMakeFiles/USB-Synth.dir/Users/jesse/Software/Pico/pico-sdk/src/rp2_common/hardware_sync/sync.c.o
                0x1000137c                next_striped_spin_lock_num
 .text.spin_lock_claim_unused
                0x10001398       0x20 CMakeFiles/USB-Synth.dir/Users/jesse/Software/Pico/pico-sdk/src/rp2_common/hardware_sync/sync.c.o
                0x10001398                spin_lock_claim_unused
 .text.spinlock_set_extexclall
                0x100013b8        0xe CMakeFiles/USB-Synth.dir/Users/jesse/Software/Pico/pico-sdk/src/rp2_common/hardware_sync_spin_lock/sync_spin_lock.c.o
 *fill*         0x100013c6        0x2 
 .text.spin_locks_reset
                0x100013c8       0x1c CMakeFiles/USB-Synth.dir/Users/jesse/Software/Pico/pico-sdk/src/rp2_common/hardware_sync_spin_lock/sync_spin_lock.c.o
                0x100013c8                spin_locks_reset
 .text.rom_func_lookup
                0x100013e4       0x1e CMakeFiles/USB-Synth.dir/Users/jesse/Software/Pico/pico-sdk/src/rp2_common/pico_bootrom/bootrom.c.o
                0x100013e4                rom_func_lookup
 *fill*         0x10001402        0x2 
 .text.runtime_init_bootrom_locking_enable
                0x10001404       0x14 CMakeFiles/USB-Synth.dir/Users/jesse/Software/Pico/pico-sdk/src/rp2_common/pico_bootrom/bootrom_lock.c.o
                0x10001404                runtime_init_bootrom_locking_enable
 .text.boot_locks_reset
                0x10001418       0x20 CMakeFiles/USB-Synth.dir/Users/jesse/Software/Pico/pico-sdk/src/rp2_common/hardware_boot_lock/boot_lock.c.o
                0x10001418                boot_locks_reset
 .text.runtime_init_boot_locks_reset
                0x10001438        0x8 CMakeFiles/USB-Synth.dir/Users/jesse/Software/Pico/pico-sdk/src/rp2_common/hardware_boot_lock/boot_lock.c.o
                0x10001438                runtime_init_boot_locks_reset
 .text.ta_from_current_irq
                0x10001440       0x24 CMakeFiles/USB-Synth.dir/Users/jesse/Software/Pico/pico-sdk/src/common/pico_time/time.c.o
 .text.ta_set_timeout
                0x10001464       0x2e CMakeFiles/USB-Synth.dir/Users/jesse/Software/Pico/pico-sdk/src/common/pico_time/time.c.o
 .text.make_alarm_id
                0x10001492        0x6 CMakeFiles/USB-Synth.dir/Users/jesse/Software/Pico/pico-sdk/src/common/pico_time/time.c.o
 .text.sleep_until_callback
                0x10001498       0x3c CMakeFiles/USB-Synth.dir/Users/jesse/Software/Pico/pico-sdk/src/common/pico_time/time.c.o
 .text.alarm_pool_irq_handler
                0x100014d4      0x2ec CMakeFiles/USB-Synth.dir/Users/jesse/Software/Pico/pico-sdk/src/common/pico_time/time.c.o
 .text.ta_enable_irq_handler
                0x100017c0       0x38 CMakeFiles/USB-Synth.dir/Users/jesse/Software/Pico/pico-sdk/src/common/pico_time/time.c.o
 .text.alarm_pool_post_alloc_init
                0x100017f8       0x7c CMakeFiles/USB-Synth.dir/Users/jesse/Software/Pico/pico-sdk/src/common/pico_time/time.c.o
 .text.alarm_pool_get_default
                0x10001874       0x28 CMakeFiles/USB-Synth.dir/Users/jesse/Software/Pico/pico-sdk/src/common/pico_time/time.c.o
                0x10001874                alarm_pool_get_default
 .text.alarm_pool_add_alarm_at_force_in_context
                0x1000189c       0xc0 CMakeFiles/USB-Synth.dir/Users/jesse/Software/Pico/pico-sdk/src/common/pico_time/time.c.o
                0x1000189c                alarm_pool_add_alarm_at_force_in_context
 .text.alarm_pool_add_alarm_at
                0x1000195c       0x38 CMakeFiles/USB-Synth.dir/Users/jesse/Software/Pico/pico-sdk/src/common/pico_time/time.c.o
                0x1000195c                alarm_pool_add_alarm_at
 .text.add_alarm_at
                0x10001994       0x26 CMakeFiles/USB-Synth.dir/Users/jesse/Software/Pico/pico-sdk/src/common/pico_time/time.c.o
 .text.alarm_pool_cancel_alarm
                0x100019ba       0x72 CMakeFiles/USB-Synth.dir/Users/jesse/Software/Pico/pico-sdk/src/common/pico_time/time.c.o
                0x100019ba                alarm_pool_cancel_alarm
 .text.cancel_alarm
                0x10001a2c       0x10 CMakeFiles/USB-Synth.dir/Users/jesse/Software/Pico/pico-sdk/src/common/pico_time/time.c.o
 .text.sleep_until
                0x10001a3c       0xb4 CMakeFiles/USB-Synth.dir/Users/jesse/Software/Pico/pico-sdk/src/common/pico_time/time.c.o
                0x10001a3c                sleep_until
 .text.sleep_us
                0x10001af0       0x24 CMakeFiles/USB-Synth.dir/Users/jesse/Software/Pico/pico-sdk/src/common/pico_time/time.c.o
                0x10001af0                sleep_us
 .text.sleep_ms
                0x10001b14       0x28 CMakeFiles/USB-Synth.dir/Users/jesse/Software/Pico/pico-sdk/src/common/pico_time/time.c.o
                0x10001b14                sleep_ms
 .text.best_effort_wfe_or_timeout
                0x10001b3c      0x100 CMakeFiles/USB-Synth.dir/Users/jesse/Software/Pico/pico-sdk/src/common/pico_time/time.c.o
                0x10001b3c                best_effort_wfe_or_timeout
 .text.alarm_pool_get_default_timer
                0x10001c3c        0x8 CMakeFiles/USB-Synth.dir/Users/jesse/Software/Pico/pico-sdk/src/common/pico_time/time.c.o
                0x10001c3c                alarm_pool_get_default_timer
 .text.runtime_init_default_alarm_pool
                0x10001c44       0x34 CMakeFiles/USB-Synth.dir/Users/jesse/Software/Pico/pico-sdk/src/common/pico_time/time.c.o
                0x10001c44                runtime_init_default_alarm_pool
 .text.timer_hardware_alarm_claim
                0x10001c78       0x24 CMakeFiles/USB-Synth.dir/Users/jesse/Software/Pico/pico-sdk/src/rp2_common/hardware_timer/timer.c.o
                0x10001c78                timer_hardware_alarm_claim
 .text.timer_time_us_64
                0x10001c9c       0x10 CMakeFiles/USB-Synth.dir/Users/jesse/Software/Pico/pico-sdk/src/rp2_common/hardware_timer/timer.c.o
                0x10001c9c                timer_time_us_64
 .text.timer_busy_wait_until
                0x10001cac       0x1a CMakeFiles/USB-Synth.dir/Users/jesse/Software/Pico/pico-sdk/src/rp2_common/hardware_timer/timer.c.o
                0x10001cac                timer_busy_wait_until
 .text.timer_busy_wait_us
                0x10001cc6       0x28 CMakeFiles/USB-Synth.dir/Users/jesse/Software/Pico/pico-sdk/src/rp2_common/hardware_timer/timer.c.o
                0x10001cc6                timer_busy_wait_us
 *fill*         0x10001cee        0x2 
 .text.time_us_64
                0x10001cf0       0x10 CMakeFiles/USB-Synth.dir/Users/jesse/Software/Pico/pico-sdk/src/rp2_common/hardware_timer/timer.c.o
                0x10001cf0                time_us_64
 .text.busy_wait_us
                0x10001d00       0x14 CMakeFiles/USB-Synth.dir/Users/jesse/Software/Pico/pico-sdk/src/rp2_common/hardware_timer/timer.c.o
                0x10001d00                busy_wait_us
 .text.busy_wait_until
                0x10001d14       0x14 CMakeFiles/USB-Synth.dir/Users/jesse/Software/Pico/pico-sdk/src/rp2_common/hardware_timer/timer.c.o
                0x10001d14                busy_wait_until
 .text.set_raw_irq_handler_and_unlock
                0x10001d28       0x24 CMakeFiles/USB-Synth.dir/Users/jesse/Software/Pico/pico-sdk/src/rp2_common/hardware_irq/irq.c.o
 .text.nvic_ipr0
                0x10001d4c        0x8 CMakeFiles/USB-Synth.dir/Users/jesse/Software/Pico/pico-sdk/src/rp2_common/hardware_irq/irq.c.o
 .text.runtime_init_per_core_irq_priorities
                0x10001d54       0x1c CMakeFiles/USB-Synth.dir/Users/jesse/Software/Pico/pico-sdk/src/rp2_common/hardware_irq/irq.c.o
                0x10001d54                runtime_init_per_core_irq_priorities
 .text.resolve_j_16
                0x10001d70       0x40 CMakeFiles/USB-Synth.dir/Users/jesse/Software/Pico/pico-sdk/src/rp2_common/hardware_irq/irq.c.o
 .text.make_j_16
                0x10001db0       0x3c CMakeFiles/USB-Synth.dir/Users/jesse/Software/Pico/pico-sdk/src/rp2_common/hardware_irq/irq.c.o
 .text.irq_is_enabled
                0x10001dec       0x20 CMakeFiles/USB-Synth.dir/Users/jesse/Software/Pico/pico-sdk/src/rp2_common/hardware_irq/irq.c.o
                0x10001dec                irq_is_enabled
 .text.irq_set_mask_n_enabled
                0x10001e0c       0x20 CMakeFiles/USB-Synth.dir/Users/jesse/Software/Pico/pico-sdk/src/rp2_common/hardware_irq/irq.c.o
                0x10001e0c                irq_set_mask_n_enabled
 .text.irq_set_enabled
                0x10001e2c       0x14 CMakeFiles/USB-Synth.dir/Users/jesse/Software/Pico/pico-sdk/src/rp2_common/hardware_irq/irq.c.o
                0x10001e2c                irq_set_enabled
 .text.irq_get_vtable_handler
                0x10001e40       0x10 CMakeFiles/USB-Synth.dir/Users/jesse/Software/Pico/pico-sdk/src/rp2_common/hardware_irq/irq.c.o
                0x10001e40                irq_get_vtable_handler
 .text.irq_set_exclusive_handler
                0x10001e50       0x60 CMakeFiles/USB-Synth.dir/Users/jesse/Software/Pico/pico-sdk/src/rp2_common/hardware_irq/irq.c.o
                0x10001e50                irq_set_exclusive_handler
 .text.irq_add_shared_handler
                0x10001eb0      0x234 CMakeFiles/USB-Synth.dir/Users/jesse/Software/Pico/pico-sdk/src/rp2_common/hardware_irq/irq.c.o
                0x10001eb0                irq_add_shared_handler
 .text.irq_add_tail_to_free_list
                0x100020e4      0x100 CMakeFiles/USB-Synth.dir/Users/jesse/Software/Pico/pico-sdk/src/rp2_common/hardware_irq/irq.c.o
                0x100020e4                irq_add_tail_to_free_list
 .text.lock_init
                0x100021e4        0xc CMakeFiles/USB-Synth.dir/Users/jesse/Software/Pico/pico-sdk/src/common/pico_sync/lock_core.c.o
                0x100021e4                lock_init
 .text.mutex_init
                0x100021f0       0x1a CMakeFiles/USB-Synth.dir/Users/jesse/Software/Pico/pico-sdk/src/common/pico_sync/mutex.c.o
                0x100021f0                mutex_init
 .text.recursive_mutex_init
                0x1000220a       0x1e CMakeFiles/USB-Synth.dir/Users/jesse/Software/Pico/pico-sdk/src/common/pico_sync/mutex.c.o
                0x1000220a                recursive_mutex_init
 .text.runtime_init_mutex
                0x10002228       0x4c CMakeFiles/USB-Synth.dir/Users/jesse/Software/Pico/pico-sdk/src/common/pico_sync/mutex.c.o
                0x10002228                runtime_init_mutex
 .text.critical_section_init_with_lock_num
                0x10002274       0x10 CMakeFiles/USB-Synth.dir/Users/jesse/Software/Pico/pico-sdk/src/common/pico_sync/critical_section.c.o
                0x10002274                critical_section_init_with_lock_num
 .text.critical_section_init
                0x10002284       0x14 CMakeFiles/USB-Synth.dir/Users/jesse/Software/Pico/pico-sdk/src/common/pico_sync/critical_section.c.o
                0x10002284                critical_section_init
 .text.gpio_set_function
                0x10002298       0x38 CMakeFiles/USB-Synth.dir/Users/jesse/Software/Pico/pico-sdk/src/rp2_common/hardware_gpio/gpio.c.o
                0x10002298                gpio_set_function
 .text.gpio_set_pulls
                0x100022d0       0x30 CMakeFiles/USB-Synth.dir/Users/jesse/Software/Pico/pico-sdk/src/rp2_common/hardware_gpio/gpio.c.o
                0x100022d0                gpio_set_pulls
 .text.gpio_init
                0x10002300       0x16 CMakeFiles/USB-Synth.dir/Users/jesse/Software/Pico/pico-sdk/src/rp2_common/hardware_gpio/gpio.c.o
                0x10002300                gpio_init
 .text.pio_get_default_sm_config
                0x10002316       0x2c CMakeFiles/USB-Synth.dir/Users/jesse/Software/Pico/pico-sdk/src/rp2_common/hardware_pio/pio.c.o
 *fill*         0x10002342        0x2 
 .text.pio_sm_set_config
                0x10002344       0x9c CMakeFiles/USB-Synth.dir/Users/jesse/Software/Pico/pico-sdk/src/rp2_common/hardware_pio/pio.c.o
 .text.pio_set_gpio_base_unsafe
                0x100023e0       0x34 CMakeFiles/USB-Synth.dir/Users/jesse/Software/Pico/pico-sdk/src/rp2_common/hardware_pio/pio.c.o
 .text.is_gpio_compatible
                0x10002414       0x22 CMakeFiles/USB-Synth.dir/Users/jesse/Software/Pico/pico-sdk/src/rp2_common/hardware_pio/pio.c.o
 .text.is_program_gpio_compatible
                0x10002436        0xa CMakeFiles/USB-Synth.dir/Users/jesse/Software/Pico/pico-sdk/src/rp2_common/hardware_pio/pio.c.o
 .text.add_program_at_offset_check
                0x10002440       0x54 CMakeFiles/USB-Synth.dir/Users/jesse/Software/Pico/pico-sdk/src/rp2_common/hardware_pio/pio.c.o
 .text.add_program_at_offset
                0x10002494       0x7c CMakeFiles/USB-Synth.dir/Users/jesse/Software/Pico/pico-sdk/src/rp2_common/hardware_pio/pio.c.o
 .text.find_offset_for_program
                0x10002510       0x80 CMakeFiles/USB-Synth.dir/Users/jesse/Software/Pico/pico-sdk/src/rp2_common/hardware_pio/pio.c.o
 .text.pio_sm_unclaim
                0x10002590       0x1c CMakeFiles/USB-Synth.dir/Users/jesse/Software/Pico/pico-sdk/src/rp2_common/hardware_pio/pio.c.o
                0x10002590                pio_sm_unclaim
 .text.pio_claim_unused_sm
                0x100025ac       0x38 CMakeFiles/USB-Synth.dir/Users/jesse/Software/Pico/pico-sdk/src/rp2_common/hardware_pio/pio.c.o
                0x100025ac                pio_claim_unused_sm
 .text.pio_can_add_program
                0x100025e4       0x34 CMakeFiles/USB-Synth.dir/Users/jesse/Software/Pico/pico-sdk/src/rp2_common/hardware_pio/pio.c.o
                0x100025e4                pio_can_add_program
 .text.pio_add_program
                0x10002618       0x30 CMakeFiles/USB-Synth.dir/Users/jesse/Software/Pico/pico-sdk/src/rp2_common/hardware_pio/pio.c.o
                0x10002618                pio_add_program
 .text.pio_remove_program
                0x10002648       0x54 CMakeFiles/USB-Synth.dir/Users/jesse/Software/Pico/pico-sdk/src/rp2_common/hardware_pio/pio.c.o
                0x10002648                pio_remove_program
 .text.pio_sm_set_pindirs_with_mask_internal
                0x1000269c       0x78 CMakeFiles/USB-Synth.dir/Users/jesse/Software/Pico/pico-sdk/src/rp2_common/hardware_pio/pio.c.o
                0x1000269c                pio_sm_set_pindirs_with_mask_internal
 .text.pio_sm_set_pindirs_with_mask
                0x10002714       0x18 CMakeFiles/USB-Synth.dir/Users/jesse/Software/Pico/pico-sdk/src/rp2_common/hardware_pio/pio.c.o
                0x10002714                pio_sm_set_pindirs_with_mask
 .text.pio_sm_set_consecutive_pindirs
                0x1000272c       0xa2 CMakeFiles/USB-Synth.dir/Users/jesse/Software/Pico/pico-sdk/src/rp2_common/hardware_pio/pio.c.o
                0x1000272c                pio_sm_set_consecutive_pindirs
 .text.pio_sm_init
                0x100027ce       0x7c CMakeFiles/USB-Synth.dir/Users/jesse/Software/Pico/pico-sdk/src/rp2_common/hardware_pio/pio.c.o
                0x100027ce                pio_sm_init
 .text.pio_claim_free_sm_and_add_program_for_gpio_range
                0x1000284a      0x122 CMakeFiles/USB-Synth.dir/Users/jesse/Software/Pico/pico-sdk/src/rp2_common/hardware_pio/pio.c.o
                0x1000284a                pio_claim_free_sm_and_add_program_for_gpio_range
 .text.spi_unreset
                0x1000296c       0x2c CMakeFiles/USB-Synth.dir/Users/jesse/Software/Pico/pico-sdk/src/rp2_common/hardware_spi/spi.c.o
 .text.spi_deinit
                0x10002998       0x30 CMakeFiles/USB-Synth.dir/Users/jesse/Software/Pico/pico-sdk/src/rp2_common/hardware_spi/spi.c.o
                0x10002998                spi_deinit
 .text.spi_set_baudrate
                0x100029c8       0x7e CMakeFiles/USB-Synth.dir/Users/jesse/Software/Pico/pico-sdk/src/rp2_common/hardware_spi/spi.c.o
                0x100029c8                spi_set_baudrate
 *fill*         0x10002a46        0x2 
 .text.spi_init
                0x10002a48       0x6c CMakeFiles/USB-Synth.dir/Users/jesse/Software/Pico/pico-sdk/src/rp2_common/hardware_spi/spi.c.o
                0x10002a48                spi_init
 .text.gpio_to_gpout_clock_handle
                0x10002ab4       0x34 CMakeFiles/USB-Synth.dir/Users/jesse/Software/Pico/pico-sdk/src/rp2_common/hardware_clocks/clocks.c.o
 .text.clock_configure_internal
                0x10002ae8       0xbc CMakeFiles/USB-Synth.dir/Users/jesse/Software/Pico/pico-sdk/src/rp2_common/hardware_clocks/clocks.c.o
 .text.clock_configure_undivided
                0x10002ba4       0x14 CMakeFiles/USB-Synth.dir/Users/jesse/Software/Pico/pico-sdk/src/rp2_common/hardware_clocks/clocks.c.o
                0x10002ba4                clock_configure_undivided
 .text.clock_get_hz
                0x10002bb8        0xc CMakeFiles/USB-Synth.dir/Users/jesse/Software/Pico/pico-sdk/src/rp2_common/hardware_clocks/clocks.c.o
                0x10002bb8                clock_get_hz
 .text.clock_gpio_init_int_frac16
                0x10002bc4       0x3c CMakeFiles/USB-Synth.dir/Users/jesse/Software/Pico/pico-sdk/src/rp2_common/hardware_clocks/clocks.c.o
                0x10002bc4                clock_gpio_init_int_frac16
 .text.pll_init
                0x10002c00      0x108 CMakeFiles/USB-Synth.dir/Users/jesse/Software/Pico/pico-sdk/src/rp2_common/hardware_pll/pll.c.o
                0x10002c00                pll_init
 .text.tick_start
                0x10002d08       0x1c CMakeFiles/USB-Synth.dir/Users/jesse/Software/Pico/pico-sdk/src/rp2_common/hardware_ticks/ticks.c.o
                0x10002d08                tick_start
 .text.xosc_init
                0x10002d24       0x28 CMakeFiles/USB-Synth.dir/Users/jesse/Software/Pico/pico-sdk/src/rp2_common/hardware_xosc/xosc.c.o
                0x10002d24                xosc_init
 .text.dma_claim_unused_channel
                0x10002d4c       0x20 CMakeFiles/USB-Synth.dir/Users/jesse/Software/Pico/pico-sdk/src/rp2_common/hardware_dma/dma.c.o
                0x10002d4c                dma_claim_unused_channel
 .text.runtime_run_initializers_from
                0x10002d6c       0x18 CMakeFiles/USB-Synth.dir/Users/jesse/Software/Pico/pico-sdk/src/rp2_common/pico_runtime/runtime.c.o
 .text.first_per_core_initializer
                0x10002d84        0x2 CMakeFiles/USB-Synth.dir/Users/jesse/Software/Pico/pico-sdk/src/rp2_common/pico_runtime/runtime.c.o
 *fill*         0x10002d86        0x2 
 .text.runtime_run_initializers
                0x10002d88       0x10 CMakeFiles/USB-Synth.dir/Users/jesse/Software/Pico/pico-sdk/src/rp2_common/pico_runtime/runtime.c.o
                0x10002d88                runtime_run_initializers
 .text.runtime_run_per_core_initializers
                0x10002d98       0x10 CMakeFiles/USB-Synth.dir/Users/jesse/Software/Pico/pico-sdk/src/rp2_common/pico_runtime/runtime.c.o
                0x10002d98                runtime_run_per_core_initializers
 .text.runtime_init_early_resets
                0x10002da8       0x2c CMakeFiles/USB-Synth.dir/Users/jesse/Software/Pico/pico-sdk/src/rp2_common/pico_runtime_init/runtime_init.c.o
                0x10002da8                runtime_init_early_resets
 .text.runtime_init_usb_power_down
                0x10002dd4       0x20 CMakeFiles/USB-Synth.dir/Users/jesse/Software/Pico/pico-sdk/src/rp2_common/pico_runtime_init/runtime_init.c.o
                0x10002dd4                runtime_init_usb_power_down
 .text.runtime_init_per_core_enable_coprocessors
                0x10002df4       0x1c CMakeFiles/USB-Synth.dir/Users/jesse/Software/Pico/pico-sdk/src/rp2_common/pico_runtime_init/runtime_init.c.o
                0x10002df4                runtime_init_per_core_enable_coprocessors
 .text.runtime_init_post_clock_resets
                0x10002e10       0x20 CMakeFiles/USB-Synth.dir/Users/jesse/Software/Pico/pico-sdk/src/rp2_common/pico_runtime_init/runtime_init.c.o
                0x10002e10                runtime_init_post_clock_resets
 .text.runtime_init_bootrom_reset
                0x10002e30       0x12 CMakeFiles/USB-Synth.dir/Users/jesse/Software/Pico/pico-sdk/src/rp2_common/pico_runtime_init/runtime_init.c.o
                0x10002e30                runtime_init_bootrom_reset
 .text.runtime_init_per_core_bootrom_reset
                0x10002e42       0x12 CMakeFiles/USB-Synth.dir/Users/jesse/Software/Pico/pico-sdk/src/rp2_common/pico_runtime_init/runtime_init.c.o
                0x10002e42                runtime_init_per_core_bootrom_reset
 .text.runtime_init_spin_locks_reset
                0x10002e54        0x8 CMakeFiles/USB-Synth.dir/Users/jesse/Software/Pico/pico-sdk/src/rp2_common/pico_runtime_init/runtime_init.c.o
                0x10002e54                runtime_init_spin_locks_reset
 .text.runtime_init_install_ram_vector_table
                0x10002e5c       0x48 CMakeFiles/USB-Synth.dir/Users/jesse/Software/Pico/pico-sdk/src/rp2_common/pico_runtime_init/runtime_init.c.o
                0x10002e5c                runtime_init_install_ram_vector_table
 .text.start_all_ticks
                0x10002ea4       0x28 CMakeFiles/USB-Synth.dir/Users/jesse/Software/Pico/pico-sdk/src/rp2_common/pico_runtime_init/runtime_init_clocks.c.o
 .text.runtime_init_clocks
                0x10002ecc       0xc4 CMakeFiles/USB-Synth.dir/Users/jesse/Software/Pico/pico-sdk/src/rp2_common/pico_runtime_init/runtime_init_clocks.c.o
                0x10002ecc                runtime_init_clocks
 .text.__rp2350_dcp_engaged_state_save_restore
                0x10002f90       0x3a CMakeFiles/USB-Synth.dir/Users/jesse/Software/Pico/pico-sdk/src/rp2_common/pico_double/double_aeabi_dcp.S.o
 *fill*         0x10002fca        0x2 
 .text.__wrap___aeabi_dadd
                0x10002fcc       0x28 CMakeFiles/USB-Synth.dir/Users/jesse/Software/Pico/pico-sdk/src/rp2_common/pico_double/double_aeabi_dcp.S.o
                0x10002fd4                __wrap___aeabi_dadd
 .text.__wrap___aeabi_dsub
                0x10002ff4       0x28 CMakeFiles/USB-Synth.dir/Users/jesse/Software/Pico/pico-sdk/src/rp2_common/pico_double/double_aeabi_dcp.S.o
                0x10002ffc                __wrap___aeabi_dsub
 .text.__wrap___aeabi_dmul
                0x1000301c       0x4c CMakeFiles/USB-Synth.dir/Users/jesse/Software/Pico/pico-sdk/src/rp2_common/pico_double/double_aeabi_dcp.S.o
                0x10003024                __wrap___aeabi_dmul
 .text.__wrap___aeabi_ddiv
                0x10003068       0x9c CMakeFiles/USB-Synth.dir/Users/jesse/Software/Pico/pico-sdk/src/rp2_common/pico_double/double_aeabi_dcp.S.o
                0x10003070                __wrap___aeabi_ddiv
 .text.__wrap___aeabi_i2d
                0x10003104       0x24 CMakeFiles/USB-Synth.dir/Users/jesse/Software/Pico/pico-sdk/src/rp2_common/pico_double/double_aeabi_dcp.S.o
                0x1000310c                __wrap___aeabi_i2d
                0x1000310c                int2double
 .text.__wrap___aeabi_ui2d
                0x10003128       0x24 CMakeFiles/USB-Synth.dir/Users/jesse/Software/Pico/pico-sdk/src/rp2_common/pico_double/double_aeabi_dcp.S.o
                0x10003130                __wrap___aeabi_ui2d
                0x10003130                uint2double
 .text.__wrap___aeabi_d2iz
                0x1000314c       0x24 CMakeFiles/USB-Synth.dir/Users/jesse/Software/Pico/pico-sdk/src/rp2_common/pico_double/double_aeabi_dcp.S.o
                0x10003154                __wrap___aeabi_d2iz
                0x10003154                double2int_z
 .text.__wrap___aeabi_d2uiz
                0x10003170       0x24 CMakeFiles/USB-Synth.dir/Users/jesse/Software/Pico/pico-sdk/src/rp2_common/pico_double/double_aeabi_dcp.S.o
                0x10003178                double2uint_z
                0x10003178                double2uint
                0x10003178                __wrap___aeabi_d2uiz
 .text.__wrap___aeabi_dcmpun
                0x10003194       0x24 CMakeFiles/USB-Synth.dir/Users/jesse/Software/Pico/pico-sdk/src/rp2_common/pico_double/double_aeabi_dcp.S.o
                0x1000319c                __wrap___aeabi_dcmpun
 .text.__wrap___aeabi_dcmplt
                0x100031b8       0x28 CMakeFiles/USB-Synth.dir/Users/jesse/Software/Pico/pico-sdk/src/rp2_common/pico_double/double_aeabi_dcp.S.o
                0x100031c0                __wrap___aeabi_dcmplt
 .text.__wrap___aeabi_dcmple
                0x100031e0       0x28 CMakeFiles/USB-Synth.dir/Users/jesse/Software/Pico/pico-sdk/src/rp2_common/pico_double/double_aeabi_dcp.S.o
                0x100031e8                __wrap___aeabi_dcmple
 .text.__wrap___aeabi_dcmpge
                0x10003208       0x28 CMakeFiles/USB-Synth.dir/Users/jesse/Software/Pico/pico-sdk/src/rp2_common/pico_double/double_aeabi_dcp.S.o
                0x10003210                __wrap___aeabi_dcmpge
 .text.__wrap___aeabi_dcmpgt
                0x10003230       0x28 CMakeFiles/USB-Synth.dir/Users/jesse/Software/Pico/pico-sdk/src/rp2_common/pico_double/double_aeabi_dcp.S.o
                0x10003238                __wrap___aeabi_dcmpgt
 .text._out_null
                0x10003258        0x2 CMakeFiles/USB-Synth.dir/Users/jesse/Software/Pico/pico-sdk/src/rp2_common/pico_printf/printf.c.o
 .text._out_fct
                0x1000325a        0xe CMakeFiles/USB-Synth.dir/Users/jesse/Software/Pico/pico-sdk/src/rp2_common/pico_printf/printf.c.o
 .text._atoi    0x10003268       0x26 CMakeFiles/USB-Synth.dir/Users/jesse/Software/Pico/pico-sdk/src/rp2_common/pico_printf/printf.c.o
 .text._out_rev
                0x1000328e       0x8e CMakeFiles/USB-Synth.dir/Users/jesse/Software/Pico/pico-sdk/src/rp2_common/pico_printf/printf.c.o
 .text._ntoa_format
                0x1000331c      0x15a CMakeFiles/USB-Synth.dir/Users/jesse/Software/Pico/pico-sdk/src/rp2_common/pico_printf/printf.c.o
 .text._ntoa_long
                0x10003476       0xa0 CMakeFiles/USB-Synth.dir/Users/jesse/Software/Pico/pico-sdk/src/rp2_common/pico_printf/printf.c.o
 .text._ntoa_long_long
                0x10003516       0xc0 CMakeFiles/USB-Synth.dir/Users/jesse/Software/Pico/pico-sdk/src/rp2_common/pico_printf/printf.c.o
 *fill*         0x100035d6        0x2 
 .text._etoa    0x100035d8      0x440 CMakeFiles/USB-Synth.dir/Users/jesse/Software/Pico/pico-sdk/src/rp2_common/pico_printf/printf.c.o
 .text._ftoa    0x10003a18      0x394 CMakeFiles/USB-Synth.dir/Users/jesse/Software/Pico/pico-sdk/src/rp2_common/pico_printf/printf.c.o
 .text._vsnprintf
                0x10003dac      0x624 CMakeFiles/USB-Synth.dir/Users/jesse/Software/Pico/pico-sdk/src/rp2_common/pico_printf/printf.c.o
 .text.vfctprintf
                0x100043d0       0x20 CMakeFiles/USB-Synth.dir/Users/jesse/Software/Pico/pico-sdk/src/rp2_common/pico_printf/printf.c.o
                0x100043d0                vfctprintf
 .text._exit    0x100043f0        0x4 CMakeFiles/USB-Synth.dir/Users/jesse/Software/Pico/pico-sdk/src/rp2_common/pico_clib_interface/newlib_interface.c.o
                0x100043f0                _exit
 .text.exit     0x100043f4        0x6 CMakeFiles/USB-Synth.dir/Users/jesse/Software/Pico/pico-sdk/src/rp2_common/pico_clib_interface/newlib_interface.c.o
                0x100043f4                exit
 *fill*         0x100043fa        0x2 
 .text.__assert_func
                0x100043fc       0x38 CMakeFiles/USB-Synth.dir/Users/jesse/Software/Pico/pico-sdk/src/rp2_common/pico_clib_interface/newlib_interface.c.o
                0x100043fc                __assert_func
 .text.runtime_init
                0x10004434       0x2c CMakeFiles/USB-Synth.dir/Users/jesse/Software/Pico/pico-sdk/src/rp2_common/pico_clib_interface/newlib_interface.c.o
                0x10004434                runtime_init
 .text.stdio_out_chars_no_crlf
                0x10004460        0xe CMakeFiles/USB-Synth.dir/Users/jesse/Software/Pico/pico-sdk/src/rp2_common/pico_stdio/stdio.c.o
 *fill*         0x1000446e        0x2 
 .text.stdio_out_chars_crlf
                0x10004470       0x7c CMakeFiles/USB-Synth.dir/Users/jesse/Software/Pico/pico-sdk/src/rp2_common/pico_stdio/stdio.c.o
 .text.stdio_stack_buffer_flush
                0x100044ec       0x40 CMakeFiles/USB-Synth.dir/Users/jesse/Software/Pico/pico-sdk/src/rp2_common/pico_stdio/stdio.c.o
 .text.stdio_buffered_printer
                0x1000452c       0x20 CMakeFiles/USB-Synth.dir/Users/jesse/Software/Pico/pico-sdk/src/rp2_common/pico_stdio/stdio.c.o
 .text.stdout_serialize_begin
                0x1000454c       0x2c CMakeFiles/USB-Synth.dir/Users/jesse/Software/Pico/pico-sdk/src/rp2_common/pico_stdio/stdio.c.o
                0x1000454c                stdout_serialize_begin
 .text.stdout_serialize_end
                0x10004578       0x10 CMakeFiles/USB-Synth.dir/Users/jesse/Software/Pico/pico-sdk/src/rp2_common/pico_stdio/stdio.c.o
                0x10004578                stdout_serialize_end
 .text.stdio_put_string
                0x10004588       0x88 CMakeFiles/USB-Synth.dir/Users/jesse/Software/Pico/pico-sdk/src/rp2_common/pico_stdio/stdio.c.o
                0x10004588                stdio_put_string
 .text.stdio_flush
                0x10004610       0x1c CMakeFiles/USB-Synth.dir/Users/jesse/Software/Pico/pico-sdk/src/rp2_common/pico_stdio/stdio.c.o
                0x10004610                stdio_flush
 .text.stdio_init_all
                0x1000462c        0x4 CMakeFiles/USB-Synth.dir/Users/jesse/Software/Pico/pico-sdk/src/rp2_common/pico_stdio/stdio.c.o
                0x1000462c                stdio_init_all
 .text.__wrap_puts
                0x10004630       0x1e CMakeFiles/USB-Synth.dir/Users/jesse/Software/Pico/pico-sdk/src/rp2_common/pico_stdio/stdio.c.o
                0x10004630                __wrap_puts
                0x10004630                stdio_puts
 *fill*         0x1000464e        0x2 
 .text.__wrap_vprintf
                0x10004650       0x40 CMakeFiles/USB-Synth.dir/Users/jesse/Software/Pico/pico-sdk/src/rp2_common/pico_stdio/stdio.c.o
                0x10004650                __wrap_vprintf
                0x10004650                stdio_vprintf
 .text.__wrap_printf
                0x10004690       0x1c CMakeFiles/USB-Synth.dir/Users/jesse/Software/Pico/pico-sdk/src/rp2_common/pico_stdio/stdio.c.o
                0x10004690                stdio_printf
                0x10004690                __wrap_printf
 .text.core1_trampoline
                0x100046ac        0x2 CMakeFiles/USB-Synth.dir/Users/jesse/Software/Pico/pico-sdk/src/rp2_common/pico_multicore/multicore.c.o
 .text.core1_wrapper
                0x100046ae        0xc CMakeFiles/USB-Synth.dir/Users/jesse/Software/Pico/pico-sdk/src/rp2_common/pico_multicore/multicore.c.o
                0x100046ae                core1_wrapper
 .text.multicore_fifo_push_blocking
                0x100046ba       0x16 CMakeFiles/USB-Synth.dir/Users/jesse/Software/Pico/pico-sdk/src/rp2_common/pico_multicore/multicore.c.o
                0x100046ba                multicore_fifo_push_blocking
 .text.multicore_fifo_pop_blocking
                0x100046d0       0x18 CMakeFiles/USB-Synth.dir/Users/jesse/Software/Pico/pico-sdk/src/rp2_common/pico_multicore/multicore.c.o
                0x100046d0                multicore_fifo_pop_blocking
 .text.multicore_launch_core1_raw
                0x100046e8       0x78 CMakeFiles/USB-Synth.dir/Users/jesse/Software/Pico/pico-sdk/src/rp2_common/pico_multicore/multicore.c.o
                0x100046e8                multicore_launch_core1_raw
 .text.multicore_launch_core1_with_stack
                0x10004760       0x50 CMakeFiles/USB-Synth.dir/Users/jesse/Software/Pico/pico-sdk/src/rp2_common/pico_multicore/multicore.c.o
                0x10004760                multicore_launch_core1_with_stack
 .text.multicore_launch_core1
                0x100047b0       0x24 CMakeFiles/USB-Synth.dir/Users/jesse/Software/Pico/pico-sdk/src/rp2_common/pico_multicore/multicore.c.o
                0x100047b0                multicore_launch_core1
 .text.hw_endpoint_open
                0x100047d4       0xe4 CMakeFiles/USB-Synth.dir/Users/jesse/Software/Pico/tinyusb/src/portable/raspberrypi/rp2040/dcd_rp2040.c.o
 .text.reset_non_control_endpoints
                0x100048b8       0x40 CMakeFiles/USB-Synth.dir/Users/jesse/Software/Pico/tinyusb/src/portable/raspberrypi/rp2040/dcd_rp2040.c.o
 .text.handle_hw_buff_status
                0x100048f8       0xf8 CMakeFiles/USB-Synth.dir/Users/jesse/Software/Pico/tinyusb/src/portable/raspberrypi/rp2040/dcd_rp2040.c.o
 .text.hw_endpoint_abort_xfer
                0x100049f0       0x50 CMakeFiles/USB-Synth.dir/Users/jesse/Software/Pico/tinyusb/src/portable/raspberrypi/rp2040/dcd_rp2040.c.o
 .text.dcd_rp2040_irq
                0x10004a40      0x130 CMakeFiles/USB-Synth.dir/Users/jesse/Software/Pico/tinyusb/src/portable/raspberrypi/rp2040/dcd_rp2040.c.o
 .text.dcd_int_enable
                0x10004b70       0x28 CMakeFiles/USB-Synth.dir/Users/jesse/Software/Pico/tinyusb/src/portable/raspberrypi/rp2040/dcd_rp2040.c.o
                0x10004b70                dcd_int_enable
 .text.dcd_connect
                0x10004b98       0x10 CMakeFiles/USB-Synth.dir/Users/jesse/Software/Pico/tinyusb/src/portable/raspberrypi/rp2040/dcd_rp2040.c.o
                0x10004b98                dcd_connect
 .text.dcd_init
                0x10004ba8       0x84 CMakeFiles/USB-Synth.dir/Users/jesse/Software/Pico/tinyusb/src/portable/raspberrypi/rp2040/dcd_rp2040.c.o
                0x10004ba8                dcd_init
 .text.dcd_sof_enable
                0x10004c2c       0x2c CMakeFiles/USB-Synth.dir/Users/jesse/Software/Pico/tinyusb/src/portable/raspberrypi/rp2040/dcd_rp2040.c.o
                0x10004c2c                dcd_sof_enable
 .text.dcd_edpt0_status_complete
                0x10004c58       0x24 CMakeFiles/USB-Synth.dir/Users/jesse/Software/Pico/tinyusb/src/portable/raspberrypi/rp2040/dcd_rp2040.c.o
                0x10004c58                dcd_edpt0_status_complete
 .text.dcd_edpt_iso_alloc
                0x10004c7c       0x12 CMakeFiles/USB-Synth.dir/Users/jesse/Software/Pico/tinyusb/src/portable/raspberrypi/rp2040/dcd_rp2040.c.o
                0x10004c7c                dcd_edpt_iso_alloc
 *fill*         0x10004c8e        0x2 
 .text.dcd_edpt_iso_activate
                0x10004c90       0xa4 CMakeFiles/USB-Synth.dir/Users/jesse/Software/Pico/tinyusb/src/portable/raspberrypi/rp2040/dcd_rp2040.c.o
                0x10004c90                dcd_edpt_iso_activate
 .text.dcd_edpt_close_all
                0x10004d34        0x8 CMakeFiles/USB-Synth.dir/Users/jesse/Software/Pico/tinyusb/src/portable/raspberrypi/rp2040/dcd_rp2040.c.o
                0x10004d34                dcd_edpt_close_all
 .text.dcd_edpt_xfer
                0x10004d3c       0x5c CMakeFiles/USB-Synth.dir/Users/jesse/Software/Pico/tinyusb/src/portable/raspberrypi/rp2040/dcd_rp2040.c.o
                0x10004d3c                dcd_edpt_xfer
 .text.dcd_set_address
                0x10004d98       0x14 CMakeFiles/USB-Synth.dir/Users/jesse/Software/Pico/tinyusb/src/portable/raspberrypi/rp2040/dcd_rp2040.c.o
                0x10004d98                dcd_set_address
 .text.dcd_edpt_stall
                0x10004dac       0x4c CMakeFiles/USB-Synth.dir/Users/jesse/Software/Pico/tinyusb/src/portable/raspberrypi/rp2040/dcd_rp2040.c.o
                0x10004dac                dcd_edpt_stall
 .text.dcd_edpt_clear_stall
                0x10004df8       0x38 CMakeFiles/USB-Synth.dir/Users/jesse/Software/Pico/tinyusb/src/portable/raspberrypi/rp2040/dcd_rp2040.c.o
                0x10004df8                dcd_edpt_clear_stall
 .text.unaligned_memcpy
                0x10004e30       0x18 CMakeFiles/USB-Synth.dir/Users/jesse/Software/Pico/tinyusb/src/portable/raspberrypi/rp2040/rp2040_usb.c.o
 .text.bufctrl_sync16
                0x10004e48       0x68 CMakeFiles/USB-Synth.dir/Users/jesse/Software/Pico/tinyusb/src/portable/raspberrypi/rp2040/rp2040_usb.c.o
 .text.rp2usb_init
                0x10004eb0       0x48 CMakeFiles/USB-Synth.dir/Users/jesse/Software/Pico/tinyusb/src/portable/raspberrypi/rp2040/rp2040_usb.c.o
                0x10004eb0                rp2usb_init
 .text.rp2usb_reset_transfer
                0x10004ef8        0xc CMakeFiles/USB-Synth.dir/Users/jesse/Software/Pico/tinyusb/src/portable/raspberrypi/rp2040/rp2040_usb.c.o
                0x10004ef8                rp2usb_reset_transfer
 .text.bufctrl_write32
                0x10004f04       0x3c CMakeFiles/USB-Synth.dir/Users/jesse/Software/Pico/tinyusb/src/portable/raspberrypi/rp2040/rp2040_usb.c.o
                0x10004f04                bufctrl_write32
 .text.bufctrl_write16
                0x10004f40       0x40 CMakeFiles/USB-Synth.dir/Users/jesse/Software/Pico/tinyusb/src/portable/raspberrypi/rp2040/rp2040_usb.c.o
                0x10004f40                bufctrl_write16
 .text.bufctrl_prepare16
                0x10004f80       0x4a CMakeFiles/USB-Synth.dir/Users/jesse/Software/Pico/tinyusb/src/portable/raspberrypi/rp2040/rp2040_usb.c.o
                0x10004f80                bufctrl_prepare16
 .text.rp2usb_buffer_start
                0x10004fca       0x4c CMakeFiles/USB-Synth.dir/Users/jesse/Software/Pico/tinyusb/src/portable/raspberrypi/rp2040/rp2040_usb.c.o
                0x10004fca                rp2usb_buffer_start
 *fill*         0x10005016        0x2 
 .text.rp2usb_xfer_start
                0x10005018       0xc8 CMakeFiles/USB-Synth.dir/Users/jesse/Software/Pico/tinyusb/src/portable/raspberrypi/rp2040/rp2040_usb.c.o
                0x10005018                rp2usb_xfer_start
 .text.rp2usb_xfer_continue
                0x100050e0      0x12c CMakeFiles/USB-Synth.dir/Users/jesse/Software/Pico/tinyusb/src/portable/raspberrypi/rp2040/rp2040_usb.c.o
                0x100050e0                rp2usb_xfer_continue
 .text.tud_vendor_control_xfer_cb
                0x1000520c        0x4 CMakeFiles/USB-Synth.dir/Users/jesse/Software/Pico/tinyusb/src/device/usbd.c.o
                0x1000520c                tud_vendor_control_xfer_cb
 .text.invoke_class_control
                0x10005210       0x14 CMakeFiles/USB-Synth.dir/Users/jesse/Software/Pico/tinyusb/src/device/usbd.c.o
 .text.configuration_reset
                0x10005224       0xa8 CMakeFiles/USB-Synth.dir/Users/jesse/Software/Pico/tinyusb/src/device/usbd.c.o
 .text.usbd_reset
                0x100052cc        0x8 CMakeFiles/USB-Synth.dir/Users/jesse/Software/Pico/tinyusb/src/device/usbd.c.o
 .text.process_set_config
                0x100052d4      0x1a8 CMakeFiles/USB-Synth.dir/Users/jesse/Software/Pico/tinyusb/src/device/usbd.c.o
 .text.tud_event_hook_cb
                0x1000547c        0x2 CMakeFiles/USB-Synth.dir/Users/jesse/Software/Pico/tinyusb/src/device/usbd.c.o
                0x1000547c                tud_event_hook_cb
 .text.tud_sof_cb
                0x1000547e        0x2 CMakeFiles/USB-Synth.dir/Users/jesse/Software/Pico/tinyusb/src/device/usbd.c.o
                0x1000547e                tud_sof_cb
 .text.tud_descriptor_bos_cb
                0x10005480        0x4 CMakeFiles/USB-Synth.dir/Users/jesse/Software/Pico/tinyusb/src/device/usbd.c.o
                0x10005480                tud_descriptor_bos_cb
 .text.tud_descriptor_device_qualifier_cb
                0x10005484        0x4 CMakeFiles/USB-Synth.dir/Users/jesse/Software/Pico/tinyusb/src/device/usbd.c.o
                0x10005484                tud_descriptor_device_qualifier_cb
 .text.tud_descriptor_other_speed_configuration_cb
                0x10005488        0x4 CMakeFiles/USB-Synth.dir/Users/jesse/Software/Pico/tinyusb/src/device/usbd.c.o
                0x10005488                tud_descriptor_other_speed_configuration_cb
 .text.tud_mount_cb
                0x1000548c        0x2 CMakeFiles/USB-Synth.dir/Users/jesse/Software/Pico/tinyusb/src/device/usbd.c.o
                0x1000548c                tud_mount_cb
 .text.tud_umount_cb
                0x1000548e        0x2 CMakeFiles/USB-Synth.dir/Users/jesse/Software/Pico/tinyusb/src/device/usbd.c.o
                0x1000548e                tud_umount_cb
 .text.tud_suspend_cb
                0x10005490        0x2 CMakeFiles/USB-Synth.dir/Users/jesse/Software/Pico/tinyusb/src/device/usbd.c.o
                0x10005490                tud_suspend_cb
 .text.tud_resume_cb
                0x10005492        0x2 CMakeFiles/USB-Synth.dir/Users/jesse/Software/Pico/tinyusb/src/device/usbd.c.o
                0x10005492                tud_resume_cb
 .text.usbd_app_driver_get_cb
                0x10005494        0x8 CMakeFiles/USB-Synth.dir/Users/jesse/Software/Pico/tinyusb/src/device/usbd.c.o
                0x10005494                usbd_app_driver_get_cb
 .text.tud_speed_get
                0x1000549c        0xc CMakeFiles/USB-Synth.dir/Users/jesse/Software/Pico/tinyusb/src/device/usbd.c.o
                0x1000549c                tud_speed_get
 .text.tud_inited
                0x100054a8       0x10 CMakeFiles/USB-Synth.dir/Users/jesse/Software/Pico/tinyusb/src/device/usbd.c.o
                0x100054a8                tud_inited
 .text.tud_rhport_init
                0x100054b8      0x164 CMakeFiles/USB-Synth.dir/Users/jesse/Software/Pico/tinyusb/src/device/usbd.c.o
                0x100054b8                tud_rhport_init
 .text.usbd_get_ctrl_buf
                0x1000561c        0x8 CMakeFiles/USB-Synth.dir/Users/jesse/Software/Pico/tinyusb/src/device/usbd.c.o
                0x1000561c                usbd_get_ctrl_buf
 .text.usbd_edpt_xfer
                0x10005624       0xa0 CMakeFiles/USB-Synth.dir/Users/jesse/Software/Pico/tinyusb/src/device/usbd.c.o
                0x10005624                usbd_edpt_xfer
 .text.tud_control_status
                0x100056c4       0x30 CMakeFiles/USB-Synth.dir/Users/jesse/Software/Pico/tinyusb/src/device/usbd.c.o
                0x100056c4                tud_control_status
 .text.data_stage_xact
                0x100056f4       0x78 CMakeFiles/USB-Synth.dir/Users/jesse/Software/Pico/tinyusb/src/device/usbd.c.o
 .text.usbd_control_xfer_cb
                0x1000576c      0x140 CMakeFiles/USB-Synth.dir/Users/jesse/Software/Pico/tinyusb/src/device/usbd.c.o
 .text.tud_control_xfer
                0x100058ac       0xac CMakeFiles/USB-Synth.dir/Users/jesse/Software/Pico/tinyusb/src/device/usbd.c.o
                0x100058ac                tud_control_xfer
 .text.process_get_descriptor
                0x10005958       0xf0 CMakeFiles/USB-Synth.dir/Users/jesse/Software/Pico/tinyusb/src/device/usbd.c.o
 .text.process_std_device_request
                0x10005a48      0x160 CMakeFiles/USB-Synth.dir/Users/jesse/Software/Pico/tinyusb/src/device/usbd.c.o
 .text.usbd_edpt_stall
                0x10005ba8       0x30 CMakeFiles/USB-Synth.dir/Users/jesse/Software/Pico/tinyusb/src/device/usbd.c.o
                0x10005ba8                usbd_edpt_stall
 .text.usbd_edpt_clear_stall
                0x10005bd8       0x30 CMakeFiles/USB-Synth.dir/Users/jesse/Software/Pico/tinyusb/src/device/usbd.c.o
                0x10005bd8                usbd_edpt_clear_stall
 .text.usbd_edpt_stalled
                0x10005c08       0x1c CMakeFiles/USB-Synth.dir/Users/jesse/Software/Pico/tinyusb/src/device/usbd.c.o
                0x10005c08                usbd_edpt_stalled
 .text.process_setup_received
                0x10005c24      0x2a4 CMakeFiles/USB-Synth.dir/Users/jesse/Software/Pico/tinyusb/src/device/usbd.c.o
 .text.tud_task_ext
                0x10005ec8      0x204 CMakeFiles/USB-Synth.dir/Users/jesse/Software/Pico/tinyusb/src/device/usbd.c.o
                0x10005ec8                tud_task_ext
 .text.usbd_edpt_iso_alloc
                0x100060cc       0x10 CMakeFiles/USB-Synth.dir/Users/jesse/Software/Pico/tinyusb/src/device/usbd.c.o
                0x100060cc                usbd_edpt_iso_alloc
 .text.usbd_edpt_iso_activate
                0x100060dc       0x74 CMakeFiles/USB-Synth.dir/Users/jesse/Software/Pico/tinyusb/src/device/usbd.c.o
                0x100060dc                usbd_edpt_iso_activate
 .text.audiod_verify_entity_exists
                0x10006150       0x68 CMakeFiles/USB-Synth.dir/Users/jesse/Software/Pico/tinyusb/src/class/audio/audio_device.c.o
 .text.audiod_verify_itf_exists
                0x100061b8       0x50 CMakeFiles/USB-Synth.dir/Users/jesse/Software/Pico/tinyusb/src/class/audio/audio_device.c.o
 .text.audiod_verify_ep_exists
                0x10006208       0x50 CMakeFiles/USB-Synth.dir/Users/jesse/Software/Pico/tinyusb/src/class/audio/audio_device.c.o
 .text.audiod_tx_packet_size
                0x10006258       0x8c CMakeFiles/USB-Synth.dir/Users/jesse/Software/Pico/tinyusb/src/class/audio/audio_device.c.o
 .text.audiod_get_interface
                0x100062e4       0x54 CMakeFiles/USB-Synth.dir/Users/jesse/Software/Pico/tinyusb/src/class/audio/audio_device.c.o
 .text.audiod_calc_tx_packet_sz
                0x10006338      0x118 CMakeFiles/USB-Synth.dir/Users/jesse/Software/Pico/tinyusb/src/class/audio/audio_device.c.o
 .text.tud_audio_tx_done_isr
                0x10006450        0x4 CMakeFiles/USB-Synth.dir/Users/jesse/Software/Pico/tinyusb/src/class/audio/audio_device.c.o
                0x10006450                tud_audio_tx_done_isr
 .text.audiod_tx_xfer_isr
                0x10006454       0x98 CMakeFiles/USB-Synth.dir/Users/jesse/Software/Pico/tinyusb/src/class/audio/audio_device.c.o
 .text.tud_audio_set_itf_close_ep_cb
                0x100064ec        0x4 CMakeFiles/USB-Synth.dir/Users/jesse/Software/Pico/tinyusb/src/class/audio/audio_device.c.o
                0x100064ec                tud_audio_set_itf_close_ep_cb
 .text.tud_audio_set_req_itf_cb
                0x100064f0        0x4 CMakeFiles/USB-Synth.dir/Users/jesse/Software/Pico/tinyusb/src/class/audio/audio_device.c.o
                0x100064f0                tud_audio_set_req_itf_cb
 .text.tud_audio_get_req_itf_cb
                0x100064f4        0x4 CMakeFiles/USB-Synth.dir/Users/jesse/Software/Pico/tinyusb/src/class/audio/audio_device.c.o
                0x100064f4                tud_audio_get_req_itf_cb
 .text.tud_audio_n_write
                0x100064f8       0x2c CMakeFiles/USB-Synth.dir/Users/jesse/Software/Pico/tinyusb/src/class/audio/audio_device.c.o
                0x100064f8                tud_audio_n_write
 .text.tud_audio_n_clear_ep_in_ff
                0x10006524       0x2c CMakeFiles/USB-Synth.dir/Users/jesse/Software/Pico/tinyusb/src/class/audio/audio_device.c.o
                0x10006524                tud_audio_n_clear_ep_in_ff
 .text.tud_audio_n_get_ep_in_ff
                0x10006550       0x20 CMakeFiles/USB-Synth.dir/Users/jesse/Software/Pico/tinyusb/src/class/audio/audio_device.c.o
                0x10006550                tud_audio_n_get_ep_in_ff
 .text.tud_audio_n_version
                0x10006570       0x28 CMakeFiles/USB-Synth.dir/Users/jesse/Software/Pico/tinyusb/src/class/audio/audio_device.c.o
                0x10006570                tud_audio_n_version
 .text.audiod_parse_flow_control_params
                0x10006598       0x88 CMakeFiles/USB-Synth.dir/Users/jesse/Software/Pico/tinyusb/src/class/audio/audio_device.c.o
 .text.audiod_set_interface
                0x10006620      0x1cc CMakeFiles/USB-Synth.dir/Users/jesse/Software/Pico/tinyusb/src/class/audio/audio_device.c.o
 .text.audiod_control_request
                0x100067ec       0xf6 CMakeFiles/USB-Synth.dir/Users/jesse/Software/Pico/tinyusb/src/class/audio/audio_device.c.o
 *fill*         0x100068e2        0x2 
 .text.audiod_control_complete
                0x100068e4      0x13c CMakeFiles/USB-Synth.dir/Users/jesse/Software/Pico/tinyusb/src/class/audio/audio_device.c.o
 .text.audiod_init
                0x10006a20       0x40 CMakeFiles/USB-Synth.dir/Users/jesse/Software/Pico/tinyusb/src/class/audio/audio_device.c.o
                0x10006a20                audiod_init
 .text.audiod_deinit
                0x10006a60        0x4 CMakeFiles/USB-Synth.dir/Users/jesse/Software/Pico/tinyusb/src/class/audio/audio_device.c.o
                0x10006a60                audiod_deinit
 .text.audiod_reset
                0x10006a64       0x2c CMakeFiles/USB-Synth.dir/Users/jesse/Software/Pico/tinyusb/src/class/audio/audio_device.c.o
                0x10006a64                audiod_reset
 .text.audiod_open
                0x10006a90      0x284 CMakeFiles/USB-Synth.dir/Users/jesse/Software/Pico/tinyusb/src/class/audio/audio_device.c.o
                0x10006a90                audiod_open
 .text.audiod_control_xfer_cb
                0x10006d14       0x1e CMakeFiles/USB-Synth.dir/Users/jesse/Software/Pico/tinyusb/src/class/audio/audio_device.c.o
                0x10006d14                audiod_control_xfer_cb
 .text.audiod_xfer_cb
                0x10006d32        0x4 CMakeFiles/USB-Synth.dir/Users/jesse/Software/Pico/tinyusb/src/class/audio/audio_device.c.o
                0x10006d32                audiod_xfer_cb
 *fill*         0x10006d36        0x2 
 .text.audiod_xfer_isr
                0x10006d38       0x34 CMakeFiles/USB-Synth.dir/Users/jesse/Software/Pico/tinyusb/src/class/audio/audio_device.c.o
                0x10006d38                audiod_xfer_isr
 .text.tud_audio_buffer_and_schedule_control_xfer
                0x10006d6c      0x104 CMakeFiles/USB-Synth.dir/Users/jesse/Software/Pico/tinyusb/src/class/audio/audio_device.c.o
                0x10006d6c                tud_audio_buffer_and_schedule_control_xfer
 .text.tusb_rhport_init
                0x10006e70       0xb0 CMakeFiles/USB-Synth.dir/Users/jesse/Software/Pico/tinyusb/src/tusb.c.o
                0x10006e70                tusb_rhport_init
 .text.tu_edpt_validate
                0x10006f20      0x120 CMakeFiles/USB-Synth.dir/Users/jesse/Software/Pico/tinyusb/src/tusb.c.o
                0x10006f20                tu_edpt_validate
 .text.tu_bind_driver_to_ep_itf
                0x10007040       0x94 CMakeFiles/USB-Synth.dir/Users/jesse/Software/Pico/tinyusb/src/tusb.c.o
                0x10007040                tu_bind_driver_to_ep_itf
 .text.advance_index
                0x100070d4       0x1a CMakeFiles/USB-Synth.dir/Users/jesse/Software/Pico/tinyusb/src/common/tusb_fifo.c.o
 .text.correct_read_index
                0x100070ee       0x16 CMakeFiles/USB-Synth.dir/Users/jesse/Software/Pico/tinyusb/src/common/tusb_fifo.c.o
 .text.ff_pull_n
                0x10007104       0x44 CMakeFiles/USB-Synth.dir/Users/jesse/Software/Pico/tinyusb/src/common/tusb_fifo.c.o
 .text.ff_push_n
                0x10007148       0x3e CMakeFiles/USB-Synth.dir/Users/jesse/Software/Pico/tinyusb/src/common/tusb_fifo.c.o
 .text.tu_fifo_config
                0x10007186       0x50 CMakeFiles/USB-Synth.dir/Users/jesse/Software/Pico/tinyusb/src/common/tusb_fifo.c.o
                0x10007186                tu_fifo_config
 .text.tu_fifo_clear
                0x100071d6       0x34 CMakeFiles/USB-Synth.dir/Users/jesse/Software/Pico/tinyusb/src/common/tusb_fifo.c.o
                0x100071d6                tu_fifo_clear
 .text.tu_fifo_peek_n_access_mode
                0x1000720a       0x54 CMakeFiles/USB-Synth.dir/Users/jesse/Software/Pico/tinyusb/src/common/tusb_fifo.c.o
                0x1000720a                tu_fifo_peek_n_access_mode
 .text.tu_fifo_read_n_access_mode
                0x1000725e       0x4c CMakeFiles/USB-Synth.dir/Users/jesse/Software/Pico/tinyusb/src/common/tusb_fifo.c.o
                0x1000725e                tu_fifo_read_n_access_mode
 .text.tu_fifo_write_n_access_mode
                0x100072aa       0xe2 CMakeFiles/USB-Synth.dir/Users/jesse/Software/Pico/tinyusb/src/common/tusb_fifo.c.o
                0x100072aa                tu_fifo_write_n_access_mode
 .text.board_init
                0x1000738c       0x14 CMakeFiles/USB-Synth.dir/Users/jesse/Software/Pico/tinyusb/hw/bsp/rp2040/family.c.o
                0x1000738c                board_init
 .text._retrieve_unique_id_on_boot
                0x100073a0       0x54 CMakeFiles/USB-Synth.dir/Users/jesse/Software/Pico/pico-sdk/src/rp2_common/pico_unique_id/unique_id.c.o
 .text.memset   0x100073f4       0x88 /Applications/ArmGNUToolchain/15.2.rel1/arm-none-eabi/bin/../lib/gcc/arm-none-eabi/15.2.1/../../../../arm-none-eabi/lib/thumb/v8-m.main+fp/softfp/libg.a(libc_a-memset.o)
                0x100073f4                memset
 .text          0x1000747c       0xec /Applications/ArmGNUToolchain/15.2.rel1/arm-none-eabi/bin/../lib/gcc/arm-none-eabi/15.2.1/../../../../arm-none-eabi/lib/thumb/v8-m.main+fp/softfp/libg.a(libc_a-memcpy.o)
                0x1000747c                memcpy
 .text.strlen   0x10007568       0x5c /Applications/ArmGNUToolchain/15.2.rel1/arm-none-eabi/bin/../lib/gcc/arm-none-eabi/15.2.1/../../../../arm-none-eabi/lib/thumb/v8-m.main+fp/softfp/libg.a(libc_a-strlen-stub.o)
                0x10007568                strlen
 *(.fini)
 .fini          0x100075c4        0x4 /Applications/ArmGNUToolchain/15.2.rel1/arm-none-eabi/bin/../lib/gcc/arm-none-eabi/15.2.1/thumb/v8-m.main+fp/softfp/crti.o
                0x100075c4                _fini
 .fini.__stub   0x100075c8       0x30 linker stubs
 *crtbegin.o(.ctors)
 *crtbegin?.o(.ctors)
 *(EXCLUDE_FILE(*crtend.o *crtend?.o) .ctors)
 *(SORT_BY_NAME(.ctors.*))
 *(.ctors)
 *crtbegin.o(.dtors)
 *crtbegin?.o(.dtors)
 *(EXCLUDE_FILE(*crtend.o *crtend?.o) .dtors)
 *(SORT_BY_NAME(.dtors.*))
 *(.dtors)
                0x100075f8                        . = ALIGN (0x4)
                0x100075f8                        PROVIDE (__preinit_array_start = .)
 *(SORT_BY_NAME(.preinit_array.*))
 .preinit_array.00050
                0x100075f8        0x4 CMakeFiles/USB-Synth.dir/Users/jesse/Software/Pico/pico-sdk/src/rp2_common/pico_runtime_init/runtime_init.c.o
                0x100075f8                __pre_init_runtime_init_bootrom_reset
 .preinit_array.00100
                0x100075fc        0x4 CMakeFiles/USB-Synth.dir/Users/jesse/Software/Pico/pico-sdk/src/rp2_common/pico_runtime_init/runtime_init.c.o
                0x100075fc                __pre_init_runtime_init_early_resets
 .preinit_array.00101
                0x10007600        0x4 CMakeFiles/USB-Synth.dir/Users/jesse/Software/Pico/pico-sdk/src/rp2_common/pico_runtime_init/runtime_init.c.o
                0x10007600                __pre_init_runtime_init_usb_power_down
 .preinit_array.00500
                0x10007604        0x4 CMakeFiles/USB-Synth.dir/Users/jesse/Software/Pico/pico-sdk/src/rp2_common/pico_runtime_init/runtime_init.c.o
                0x10007604                __pre_init_runtime_init_clocks
 .preinit_array.00600
                0x10007608        0x4 CMakeFiles/USB-Synth.dir/Users/jesse/Software/Pico/pico-sdk/src/rp2_common/pico_runtime_init/runtime_init.c.o
                0x10007608                __pre_init_runtime_init_post_clock_resets
 .preinit_array.01000
                0x1000760c        0x4 CMakeFiles/USB-Synth.dir/Users/jesse/Software/Pico/pico-sdk/src/rp2_common/hardware_boot_lock/boot_lock.c.o
                0x1000760c                __pre_init_runtime_init_boot_locks_reset
 .preinit_array.01000
                0x10007610        0x4 CMakeFiles/USB-Synth.dir/Users/jesse/Software/Pico/pico-sdk/src/rp2_common/pico_runtime_init/runtime_init.c.o
                0x10007610                __pre_init_runtime_init_spin_locks_reset
 .preinit_array.01010
                0x10007614        0x4 CMakeFiles/USB-Synth.dir/Users/jesse/Software/Pico/pico-sdk/src/rp2_common/pico_bootrom/bootrom_lock.c.o
                0x10007614                __pre_init_runtime_init_bootrom_locking_enable
 .preinit_array.01100
                0x10007618        0x4 CMakeFiles/USB-Synth.dir/Users/jesse/Software/Pico/pico-sdk/src/common/pico_sync/mutex.c.o
                0x10007618                __pre_init_runtime_init_mutex
 .preinit_array.10080
                0x1000761c        0x4 CMakeFiles/USB-Synth.dir/Users/jesse/Software/Pico/pico-sdk/src/rp2_common/pico_runtime_init/runtime_init.c.o
                0x1000761c                __pre_init_runtime_init_install_ram_vector_table
 .preinit_array.11000
                0x10007620        0x4 CMakeFiles/USB-Synth.dir/Users/jesse/Software/Pico/pico-sdk/src/common/pico_time/time.c.o
                0x10007620                __pre_init_runtime_init_default_alarm_pool
 .preinit_array.YYYYY
                0x10007624        0x4 CMakeFiles/USB-Synth.dir/Users/jesse/Software/Pico/pico-sdk/src/rp2_common/pico_runtime/runtime.c.o
                0x10007624                __pre_init_first_per_core_initializer
 .preinit_array.ZZZZZ.00051
                0x10007628        0x4 CMakeFiles/USB-Synth.dir/Users/jesse/Software/Pico/pico-sdk/src/rp2_common/pico_runtime_init/runtime_init.c.o
                0x10007628                __pre_init_runtime_init_per_core_bootrom_reset
 .preinit_array.ZZZZZ.00200
                0x1000762c        0x4 CMakeFiles/USB-Synth.dir/Users/jesse/Software/Pico/pico-sdk/src/rp2_common/pico_runtime_init/runtime_init.c.o
                0x1000762c                __pre_init_runtime_init_per_core_enable_coprocessors
 .preinit_array.ZZZZZ.01000
                0x10007630        0x4 CMakeFiles/USB-Synth.dir/Users/jesse/Software/Pico/pico-sdk/src/rp2_common/hardware_sync_spin_lock/sync_spin_lock.c.o
                0x10007630                __pre_init_spinlock_set_extexclall
 .preinit_array.ZZZZZ.01200
                0x10007634        0x4 CMakeFiles/USB-Synth.dir/Users/jesse/Software/Pico/pico-sdk/src/rp2_common/hardware_irq/irq.c.o
                0x10007634                __pre_init_runtime_init_per_core_irq_priorities
 *(.preinit_array)
                0x10007638                        PROVIDE (__preinit_array_end = .)
                0x10007638                        . = ALIGN (0x4)
                0x10007638                        PROVIDE (__init_array_start = .)
 *(SORT_BY_NAME(.init_array.*))
 .init_array.01000
                0x10007638        0x4 CMakeFiles/USB-Synth.dir/Users/jesse/Software/Pico/pico-sdk/src/rp2_common/pico_unique_id/unique_id.c.o
 *(.init_array)
 .init_array    0x1000763c        0x4 /Applications/ArmGNUToolchain/15.2.rel1/arm-none-eabi/bin/../lib/gcc/arm-none-eabi/15.2.1/thumb/v8-m.main+fp/softfp/crtbegin.o
 .init_array    0x10007640        0x4 CMakeFiles/USB-Synth.dir/src/main.cpp.o
                0x10007644                        PROVIDE (__init_array_end = .)
                0x10007644                        . = ALIGN (0x4)
                [!provide]                        PROVIDE (__fini_array_start = .)
 *(SORT_BY_NAME(.fini_array.*))
 *(.fini_array)
                [!provide]                        PROVIDE (__fini_array_end = .)
 *(.eh_frame*)
 .eh_frame      0x10007644        0x0 /Applications/ArmGNUToolchain/15.2.rel1/arm-none-eabi/bin/../lib/gcc/arm-none-eabi/15.2.1/thumb/v8-m.main+fp/softfp/crtbegin.o
                0x10007644                        . = ALIGN (0x4)

.glue_7         0x10007644        0x0
 .glue_7        0x10007644        0x0 linker stubs

.glue_7t        0x10007644        0x0
 .glue_7t       0x10007644        0x0 linker stubs

.vfp11_veneer   0x10007644        0x0
 .vfp11_veneer  0x10007644        0x0 linker stubs

.v4_bx          0x10007644        0x0
 .v4_bx         0x10007644        0x0 linker stubs

.iplt           0x10007644        0x0
 .iplt          0x10007644        0x0 /Applications/ArmGNUToolchain/15.2.rel1/arm-none-eabi/bin/../lib/gcc/arm-none-eabi/15.2.1/thumb/v8-m.main+fp/softfp/crtbegin.o

.boot2          0x10007644        0x0
                0x10007644                        __boot2_start__ = .
 *(.boot2)
                0x10007644                        __boot2_end__ = .
                0x00000001                        ASSERT (((__boot2_end__ - __boot2_start__) <= 0x100), ERROR: Pico second stage bootloader must be no more than 256 bytes in size)

.rodata         0x10007648     0x10d8
 *(EXCLUDE_FILE(*libm.a: *libc.a:*lib_a-mem*.o *libgcc.a:) .rodata*)
 .rodata.channel_config_set_dreq.str1.4
                0x10007648      0xab2 CMakeFiles/USB-Synth.dir/src/drivers/dI2Srx.cpp.o
                                 0xa7 (size before relaxing)
 .rodata.channel_config_set_chain_to.str1.4
                0x100080fa        0x0 CMakeFiles/USB-Synth.dir/src/drivers/dI2Srx.cpp.o
                                 0x5e (size before relaxing)
 *fill*         0x100080fa        0x2 
 .rodata._ZL20i2s_receiver_program
                0x100080fc        0x8 CMakeFiles/USB-Synth.dir/src/drivers/dI2Srx.cpp.o
 .rodata._ZL33i2s_receiver_program_instructions
                0x10008104       0x20 CMakeFiles/USB-Synth.dir/src/drivers/dI2Srx.cpp.o
 .rodata.tud_audio_get_req_ep_cb.str1.4
                0x10008124        0x0 CMakeFiles/USB-Synth.dir/src/USB-audio_functions.cpp.o
                                  0x3 (size before relaxing)
 .rodata._ZL17right_channel_fir
                0x10008124       0x7c CMakeFiles/USB-Synth.dir/src/USB-audio_functions.cpp.o
 .rodata.str1.4
                0x100081a0        0x0 CMakeFiles/USB-Synth.dir/src/usb_descriptors.c.o
                                 0x27 (size before relaxing)
 .rodata.string_desc_arr
                0x100081a0       0x14 CMakeFiles/USB-Synth.dir/src/usb_descriptors.c.o
 .rodata.__compound_literal.0
                0x100081b4        0x2 CMakeFiles/USB-Synth.dir/src/usb_descriptors.c.o
 *fill*         0x100081b6        0x2 
 .rodata.desc_configuration
                0x100081b8       0x6c CMakeFiles/USB-Synth.dir/src/usb_descriptors.c.o
 .rodata.desc_device
                0x10008224       0x12 CMakeFiles/USB-Synth.dir/src/usb_descriptors.c.o
                0x10008224                desc_device
 *fill*         0x10008236        0x2 
 .rodata.pico2_fpga
                0x10008238       0x10 CMakeFiles/USB-Synth.dir/Users/jesse/Software/Pico/pico-ice-sdk/src/ice_fpga_data.c.o
                0x10008238                pico2_fpga
 .rodata.pi_spi_pins
                0x10008248       0x30 CMakeFiles/USB-Synth.dir/Users/jesse/Software/Pico/pico-ice-sdk/src/pico-sdk_ice_hal.c.o
 .rodata.pi_spi_pins_clk_1
                0x10008278       0x18 CMakeFiles/USB-Synth.dir/Users/jesse/Software/Pico/pico-ice-sdk/src/pico-sdk_ice_hal.c.o
                0x10008278                pi_spi_pins_clk_1
 .rodata.pi_spi_pins_tx_1
                0x10008290       0x18 CMakeFiles/USB-Synth.dir/Users/jesse/Software/Pico/pico-ice-sdk/src/pico-sdk_ice_hal.c.o
                0x10008290                pi_spi_pins_tx_1
 .rodata.pi_spi_pins_rx_1
                0x100082a8       0x18 CMakeFiles/USB-Synth.dir/Users/jesse/Software/Pico/pico-ice-sdk/src/pico-sdk_ice_hal.c.o
                0x100082a8                pi_spi_pins_rx_1
 .rodata.pi_spi_pins_clk_0
                0x100082c0       0x18 CMakeFiles/USB-Synth.dir/Users/jesse/Software/Pico/pico-ice-sdk/src/pico-sdk_ice_hal.c.o
                0x100082c0                pi_spi_pins_clk_0
 .rodata.pi_spi_pins_tx_0
                0x100082d8       0x18 CMakeFiles/USB-Synth.dir/Users/jesse/Software/Pico/pico-ice-sdk/src/pico-sdk_ice_hal.c.o
                0x100082d8                pi_spi_pins_tx_0
 .rodata.pi_spi_pins_rx_0
                0x100082f0       0x18 CMakeFiles/USB-Synth.dir/Users/jesse/Software/Pico/pico-ice-sdk/src/pico-sdk_ice_hal.c.o
                0x100082f0                pi_spi_pins_rx_0
 .rodata.ice_cram_program
                0x10008308        0x8 CMakeFiles/USB-Synth.dir/Users/jesse/Software/Pico/pico-ice-sdk/src/pico-sdk_ice_hal.c.o
 .rodata.ice_cram_program_instructions
                0x10008310        0x6 CMakeFiles/USB-Synth.dir/Users/jesse/Software/Pico/pico-ice-sdk/src/pico-sdk_ice_hal.c.o
 .rodata.panic.str1.4
                0x10008316        0x0 CMakeFiles/USB-Synth.dir/Users/jesse/Software/Pico/pico-sdk/src/rp2_common/pico_platform_panic/panic.c.o
                                 0x12 (size before relaxing)
 .rodata.hw_claim_clear.str1.4
                0x10008316        0x0 CMakeFiles/USB-Synth.dir/Users/jesse/Software/Pico/pico-sdk/src/common/hardware_claim/claim.c.o
                                 0x66 (size before relaxing)
 *fill*         0x10008316        0x2 
 .rodata.__func__.0
                0x10008318        0xf CMakeFiles/USB-Synth.dir/Users/jesse/Software/Pico/pico-sdk/src/common/hardware_claim/claim.c.o
 .rodata.spin_lock_claim_unused.str1.4
                0x10008327        0x0 CMakeFiles/USB-Synth.dir/Users/jesse/Software/Pico/pico-sdk/src/rp2_common/hardware_sync/sync.c.o
                                 0x1b (size before relaxing)
 .rodata.alarm_pool_irq_handler.str1.4
                0x10008327        0x0 CMakeFiles/USB-Synth.dir/Users/jesse/Software/Pico/pico-sdk/src/common/pico_time/time.c.o
                                 0x6c (size before relaxing)
 .rodata.alarm_pool_get_default.str1.4
                0x10008327        0x0 CMakeFiles/USB-Synth.dir/Users/jesse/Software/Pico/pico-sdk/src/common/pico_time/time.c.o
                                 0x21 (size before relaxing)
 .rodata.sleep_until.str1.4
                0x10008327        0x0 CMakeFiles/USB-Synth.dir/Users/jesse/Software/Pico/pico-sdk/src/common/pico_time/time.c.o
                                 0x4d (size before relaxing)
 *fill*         0x10008327        0x1 
 .rodata.__func__.1
                0x10008328       0x17 CMakeFiles/USB-Synth.dir/Users/jesse/Software/Pico/pico-sdk/src/common/pico_time/time.c.o
 *fill*         0x1000833f        0x1 
 .rodata.__func__.2
                0x10008340       0x17 CMakeFiles/USB-Synth.dir/Users/jesse/Software/Pico/pico-sdk/src/common/pico_time/time.c.o
 .rodata.timer_hardware_alarm_claim.str1.4
                0x10008357        0x0 CMakeFiles/USB-Synth.dir/Users/jesse/Software/Pico/pico-sdk/src/rp2_common/hardware_timer/timer.c.o
                                 0x22 (size before relaxing)
 .rodata.resolve_j_16.str1.4
                0x10008357        0x0 CMakeFiles/USB-Synth.dir/Users/jesse/Software/Pico/pico-sdk/src/rp2_common/hardware_irq/irq.c.o
                                 0x5e (size before relaxing)
 .rodata.make_j_16.str1.4
                0x10008357        0x0 CMakeFiles/USB-Synth.dir/Users/jesse/Software/Pico/pico-sdk/src/rp2_common/hardware_irq/irq.c.o
                                 0x30 (size before relaxing)
 .rodata.irq_set_exclusive_handler.str1.4
                0x10008357        0x0 CMakeFiles/USB-Synth.dir/Users/jesse/Software/Pico/pico-sdk/src/rp2_common/hardware_irq/irq.c.o
                                 0x36 (size before relaxing)
 .rodata.irq_add_shared_handler.str1.4
                0x10008357        0x0 CMakeFiles/USB-Synth.dir/Users/jesse/Software/Pico/pico-sdk/src/rp2_common/hardware_irq/irq.c.o
                                 0xd2 (size before relaxing)
 .rodata.irq_add_tail_to_free_list.str1.4
                0x10008357        0x0 CMakeFiles/USB-Synth.dir/Users/jesse/Software/Pico/pico-sdk/src/rp2_common/hardware_irq/irq.c.o
                                 0x3a (size before relaxing)
 *fill*         0x10008357        0x1 
 .rodata.__func__.0
                0x10008358       0x1a CMakeFiles/USB-Synth.dir/Users/jesse/Software/Pico/pico-sdk/src/rp2_common/hardware_irq/irq.c.o
 *fill*         0x10008372        0x2 
 .rodata.__func__.3
                0x10008374        0xa CMakeFiles/USB-Synth.dir/Users/jesse/Software/Pico/pico-sdk/src/rp2_common/hardware_irq/irq.c.o
 *fill*         0x1000837e        0x2 
 .rodata.__func__.4
                0x10008380        0xd CMakeFiles/USB-Synth.dir/Users/jesse/Software/Pico/pico-sdk/src/rp2_common/hardware_irq/irq.c.o
 *fill*         0x1000838d        0x3 
 .rodata.__func__.5
                0x10008390       0x17 CMakeFiles/USB-Synth.dir/Users/jesse/Software/Pico/pico-sdk/src/rp2_common/hardware_irq/irq.c.o
 *fill*         0x100083a7        0x1 
 .rodata.__func__.6
                0x100083a8       0x1a CMakeFiles/USB-Synth.dir/Users/jesse/Software/Pico/pico-sdk/src/rp2_common/hardware_irq/irq.c.o
 .rodata.runtime_init_mutex.str1.4
                0x100083c2        0x0 CMakeFiles/USB-Synth.dir/Users/jesse/Software/Pico/pico-sdk/src/common/pico_sync/mutex.c.o
                                 0x61 (size before relaxing)
 .rodata.str1.4
                0x100083c2        0x0 CMakeFiles/USB-Synth.dir/Users/jesse/Software/Pico/pico-sdk/src/common/pico_sync/mutex.c.o
                                 0x51 (size before relaxing)
 *fill*         0x100083c2        0x2 
 .rodata.__func__.1
                0x100083c4        0xb CMakeFiles/USB-Synth.dir/Users/jesse/Software/Pico/pico-sdk/src/common/pico_sync/mutex.c.o
 *fill*         0x100083cf        0x1 
 .rodata.__func__.3
                0x100083d0       0x18 CMakeFiles/USB-Synth.dir/Users/jesse/Software/Pico/pico-sdk/src/common/pico_sync/mutex.c.o
 .rodata.__func__.6
                0x100083e8       0x13 CMakeFiles/USB-Synth.dir/Users/jesse/Software/Pico/pico-sdk/src/common/pico_sync/mutex.c.o
 .rodata.find_offset_for_program.str1.4
                0x100083fb        0x0 CMakeFiles/USB-Synth.dir/Users/jesse/Software/Pico/pico-sdk/src/rp2_common/hardware_pio/pio.c.o
                                 0x72 (size before relaxing)
 .rodata.pio_claim_unused_sm.str1.4
                0x100083fb        0x0 CMakeFiles/USB-Synth.dir/Users/jesse/Software/Pico/pico-sdk/src/rp2_common/hardware_pio/pio.c.o
                                 0x24 (size before relaxing)
 .rodata.pio_remove_program.str1.4
                0x100083fb        0x0 CMakeFiles/USB-Synth.dir/Users/jesse/Software/Pico/pico-sdk/src/rp2_common/hardware_pio/pio.c.o
                                 0x4d (size before relaxing)
 *fill*         0x100083fb        0x1 
 .rodata.__func__.0
                0x100083fc       0x13 CMakeFiles/USB-Synth.dir/Users/jesse/Software/Pico/pico-sdk/src/rp2_common/hardware_pio/pio.c.o
 *fill*         0x1000840f        0x1 
 .rodata.__func__.1
                0x10008410       0x18 CMakeFiles/USB-Synth.dir/Users/jesse/Software/Pico/pico-sdk/src/rp2_common/hardware_pio/pio.c.o
 .rodata.pll_init.str1.4
                0x10008428        0x0 CMakeFiles/USB-Synth.dir/Users/jesse/Software/Pico/pico-sdk/src/rp2_common/hardware_pll/pll.c.o
                                0x11c (size before relaxing)
 .rodata.__func__.0
                0x10008428        0x9 CMakeFiles/USB-Synth.dir/Users/jesse/Software/Pico/pico-sdk/src/rp2_common/hardware_pll/pll.c.o
 .rodata.dma_claim_unused_channel.str1.4
                0x10008431        0x0 CMakeFiles/USB-Synth.dir/Users/jesse/Software/Pico/pico-sdk/src/rp2_common/hardware_dma/dma.c.o
                                 0x1e (size before relaxing)
 .rodata.str1.4
                0x10008431        0x0 CMakeFiles/USB-Synth.dir/Users/jesse/Software/Pico/pico-sdk/src/rp2_common/pico_standard_binary_info/standard_binary_info.c.o
                                 0x44 (size before relaxing)
 *fill*         0x10008431        0x3 
 .rodata.__bi_84
                0x10008434        0xc CMakeFiles/USB-Synth.dir/Users/jesse/Software/Pico/pico-sdk/src/rp2_common/pico_standard_binary_info/standard_binary_info.c.o
 .rodata.__bi_78
                0x10008440        0xc CMakeFiles/USB-Synth.dir/Users/jesse/Software/Pico/pico-sdk/src/rp2_common/pico_standard_binary_info/standard_binary_info.c.o
 .rodata.__bi_54
                0x1000844c        0xc CMakeFiles/USB-Synth.dir/Users/jesse/Software/Pico/pico-sdk/src/rp2_common/pico_standard_binary_info/standard_binary_info.c.o
 .rodata.__bi_48
                0x10008458        0xc CMakeFiles/USB-Synth.dir/Users/jesse/Software/Pico/pico-sdk/src/rp2_common/pico_standard_binary_info/standard_binary_info.c.o
 .rodata.__bi_42
                0x10008464        0xc CMakeFiles/USB-Synth.dir/Users/jesse/Software/Pico/pico-sdk/src/rp2_common/pico_standard_binary_info/standard_binary_info.c.o
 .rodata.__bi_34
                0x10008470        0xc CMakeFiles/USB-Synth.dir/Users/jesse/Software/Pico/pico-sdk/src/rp2_common/pico_standard_binary_info/standard_binary_info.c.o
 .rodata.__bi_26
                0x1000847c        0xc CMakeFiles/USB-Synth.dir/Users/jesse/Software/Pico/pico-sdk/src/rp2_common/pico_standard_binary_info/standard_binary_info.c.o
 .rodata._ftoa.str1.4
                0x10008488        0x0 CMakeFiles/USB-Synth.dir/Users/jesse/Software/Pico/pico-sdk/src/rp2_common/pico_printf/printf.c.o
                                 0x15 (size before relaxing)
 .rodata.pow10.0
                0x10008488       0x50 CMakeFiles/USB-Synth.dir/Users/jesse/Software/Pico/pico-sdk/src/rp2_common/pico_printf/printf.c.o
 .rodata.__assert_func.str1.4
                0x100084d8        0x0 CMakeFiles/USB-Synth.dir/Users/jesse/Software/Pico/pico-sdk/src/rp2_common/pico_clib_interface/newlib_interface.c.o
                                 0x43 (size before relaxing)
 .rodata.crlf_str.0
                0x100084d8        0x2 CMakeFiles/USB-Synth.dir/Users/jesse/Software/Pico/pico-sdk/src/rp2_common/pico_stdio/stdio.c.o
 .rodata.multicore_lockout_end_block_until.str1.4
                0x100084da        0x0 CMakeFiles/USB-Synth.dir/Users/jesse/Software/Pico/pico-sdk/src/rp2_common/pico_multicore/multicore.c.o
                                 0x76 (size before relaxing)
 .rodata.multicore_launch_core1_with_stack.str1.4
                0x100084da        0x0 CMakeFiles/USB-Synth.dir/Users/jesse/Software/Pico/pico-sdk/src/rp2_common/pico_multicore/multicore.c.o
                                 0x19 (size before relaxing)
 *fill*         0x100084da        0x2 
 .rodata.__func__.2
                0x100084dc       0x22 CMakeFiles/USB-Synth.dir/Users/jesse/Software/Pico/pico-sdk/src/rp2_common/pico_multicore/multicore.c.o
 .rodata.hw_endpoint_open.str1.4
                0x100084fe        0x0 CMakeFiles/USB-Synth.dir/Users/jesse/Software/Pico/tinyusb/src/portable/raspberrypi/rp2040/dcd_rp2040.c.o
                                 0x94 (size before relaxing)
 .rodata.dcd_int_enable.str1.4
                0x100084fe        0x0 CMakeFiles/USB-Synth.dir/Users/jesse/Software/Pico/tinyusb/src/portable/raspberrypi/rp2040/dcd_rp2040.c.o
                                  0xc (size before relaxing)
 .rodata.dcd_edpt_iso_activate.str1.4
                0x100084fe        0x0 CMakeFiles/USB-Synth.dir/Users/jesse/Software/Pico/tinyusb/src/portable/raspberrypi/rp2040/dcd_rp2040.c.o
                                 0x17 (size before relaxing)
 *fill*         0x100084fe        0x2 
 .rodata.__func__.0
                0x10008500       0x16 CMakeFiles/USB-Synth.dir/Users/jesse/Software/Pico/tinyusb/src/portable/raspberrypi/rp2040/dcd_rp2040.c.o
 *fill*         0x10008516        0x2 
 .rodata.__func__.3
                0x10008518        0xf CMakeFiles/USB-Synth.dir/Users/jesse/Software/Pico/tinyusb/src/portable/raspberrypi/rp2040/dcd_rp2040.c.o
 *fill*         0x10008527        0x1 
 .rodata.__func__.4
                0x10008528       0x11 CMakeFiles/USB-Synth.dir/Users/jesse/Software/Pico/tinyusb/src/portable/raspberrypi/rp2040/dcd_rp2040.c.o
 *fill*         0x10008539        0x3 
 .rodata.__func__.5
                0x1000853c        0x9 CMakeFiles/USB-Synth.dir/Users/jesse/Software/Pico/tinyusb/src/portable/raspberrypi/rp2040/dcd_rp2040.c.o
 .rodata.bufctrl_sync16.str1.4
                0x10008545        0x0 CMakeFiles/USB-Synth.dir/Users/jesse/Software/Pico/tinyusb/src/portable/raspberrypi/rp2040/rp2040_usb.c.o
                                 0x8d (size before relaxing)
 .rodata.bufctrl_write32.str1.4
                0x10008545        0x0 CMakeFiles/USB-Synth.dir/Users/jesse/Software/Pico/tinyusb/src/portable/raspberrypi/rp2040/rp2040_usb.c.o
                                 0x23 (size before relaxing)
 .rodata.rp2usb_xfer_start.str1.4
                0x10008545        0x0 CMakeFiles/USB-Synth.dir/Users/jesse/Software/Pico/tinyusb/src/portable/raspberrypi/rp2040/rp2040_usb.c.o
                                 0x38 (size before relaxing)
 *fill*         0x10008545        0x3 
 .rodata.__func__.0
                0x10008548        0xf CMakeFiles/USB-Synth.dir/Users/jesse/Software/Pico/tinyusb/src/portable/raspberrypi/rp2040/rp2040_usb.c.o
 .rodata.configuration_reset.str1.4
                0x10008557        0x0 CMakeFiles/USB-Synth.dir/Users/jesse/Software/Pico/tinyusb/src/device/usbd.c.o
                                 0x17 (size before relaxing)
 *fill*         0x10008557        0x1 
 .rodata.__func__.0
                0x10008558       0x17 CMakeFiles/USB-Synth.dir/Users/jesse/Software/Pico/tinyusb/src/device/usbd.c.o
 *fill*         0x1000856f        0x1 
 .rodata.__func__.2
                0x10008570        0xf CMakeFiles/USB-Synth.dir/Users/jesse/Software/Pico/tinyusb/src/device/usbd.c.o
 *fill*         0x1000857f        0x1 
 .rodata.__func__.5
                0x10008580        0xc CMakeFiles/USB-Synth.dir/Users/jesse/Software/Pico/tinyusb/src/device/usbd.c.o
 .rodata.__func__.6
                0x1000858c       0x11 CMakeFiles/USB-Synth.dir/Users/jesse/Software/Pico/tinyusb/src/device/usbd.c.o
 *fill*         0x1000859d        0x3 
 .rodata.__func__.7
                0x100085a0       0x15 CMakeFiles/USB-Synth.dir/Users/jesse/Software/Pico/tinyusb/src/device/usbd.c.o
 *fill*         0x100085b5        0x3 
 .rodata.__func__.8
                0x100085b8       0x17 CMakeFiles/USB-Synth.dir/Users/jesse/Software/Pico/tinyusb/src/device/usbd.c.o
 *fill*         0x100085cf        0x1 
 .rodata.__func__.9
                0x100085d0       0x13 CMakeFiles/USB-Synth.dir/Users/jesse/Software/Pico/tinyusb/src/device/usbd.c.o
 *fill*         0x100085e3        0x1 
 .rodata.__func__.10
                0x100085e4       0x1b CMakeFiles/USB-Synth.dir/Users/jesse/Software/Pico/tinyusb/src/device/usbd.c.o
 *fill*         0x100085ff        0x1 
 .rodata.__func__.11
                0x10008600       0x17 CMakeFiles/USB-Synth.dir/Users/jesse/Software/Pico/tinyusb/src/device/usbd.c.o
 *fill*         0x10008617        0x1 
 .rodata.__func__.12
                0x10008618       0x14 CMakeFiles/USB-Synth.dir/Users/jesse/Software/Pico/tinyusb/src/device/usbd.c.o
 .rodata.__func__.13
                0x1000862c        0xd CMakeFiles/USB-Synth.dir/Users/jesse/Software/Pico/tinyusb/src/device/usbd.c.o
 *fill*         0x10008639        0x3 
 .rodata.__func__.15
                0x1000863c       0x10 CMakeFiles/USB-Synth.dir/Users/jesse/Software/Pico/tinyusb/src/device/usbd.c.o
 .rodata._usbd_driver
                0x1000864c       0x24 CMakeFiles/USB-Synth.dir/Users/jesse/Software/Pico/tinyusb/src/device/usbd.c.o
 .rodata.audiod_calc_tx_packet_sz.str1.4